<?xml version="1.0"?>
<link_info>
   <banner>TI ARM Linker PC v5.2.2</banner>
   <copyright>Copyright (c) 1996-2015 Texas Instruments Incorporated</copyright>
   <link_time>0x57194d47</link_time>
   <link_errors>0x0</link_errors>
   <output_file>FreeRTOS823_3_TM4C1294_Base_Test.out</output_file>
   <entry_point>
      <name>_c_int00</name>
      <address>0x67c1</address>
   </entry_point>
   <input_file_list>
      <input_file id="fl-2">
         <path>.\</path>
         <kind>object</kind>
         <file>Main_Base_Test.obj</file>
         <name>Main_Base_Test.obj</name>
      </input_file>
      <input_file id="fl-3">
         <path>.\</path>
         <kind>object</kind>
         <file>TM4C_FreeRTOS_Base_Startup.obj</file>
         <name>TM4C_FreeRTOS_Base_Startup.obj</name>
      </input_file>
      <input_file id="fl-4">
         <path>.\</path>
         <kind>object</kind>
         <file>heap_2.obj</file>
         <name>heap_2.obj</name>
      </input_file>
      <input_file id="fl-5">
         <path>.\Tasks\</path>
         <kind>object</kind>
         <file>Task_Blinky.obj</file>
         <name>Task_Blinky.obj</name>
      </input_file>
      <input_file id="fl-6">
         <path>.\Tasks\</path>
         <kind>object</kind>
         <file>Task_HeaterOn.obj</file>
         <name>Task_HeaterOn.obj</name>
      </input_file>
      <input_file id="fl-7">
         <path>.\Tasks\</path>
         <kind>object</kind>
         <file>Task_ReportData.obj</file>
         <name>Task_ReportData.obj</name>
      </input_file>
      <input_file id="fl-8">
         <path>.\Tasks\</path>
         <kind>object</kind>
         <file>Task_ReportTime.obj</file>
         <name>Task_ReportTime.obj</name>
      </input_file>
      <input_file id="fl-9">
         <path>.\Tasks\</path>
         <kind>object</kind>
         <file>Task_Simple_ADC.obj</file>
         <name>Task_Simple_ADC.obj</name>
      </input_file>
      <input_file id="fl-a">
         <path>.\Source\</path>
         <kind>object</kind>
         <file>croutine.obj</file>
         <name>croutine.obj</name>
      </input_file>
      <input_file id="fl-b">
         <path>.\Source\</path>
         <kind>object</kind>
         <file>event_groups.obj</file>
         <name>event_groups.obj</name>
      </input_file>
      <input_file id="fl-c">
         <path>.\Source\</path>
         <kind>object</kind>
         <file>list.obj</file>
         <name>list.obj</name>
      </input_file>
      <input_file id="fl-d">
         <path>.\Source\</path>
         <kind>object</kind>
         <file>queue.obj</file>
         <name>queue.obj</name>
      </input_file>
      <input_file id="fl-e">
         <path>.\Source\</path>
         <kind>object</kind>
         <file>tasks.obj</file>
         <name>tasks.obj</name>
      </input_file>
      <input_file id="fl-f">
         <path>.\Source\</path>
         <kind>object</kind>
         <file>timers.obj</file>
         <name>timers.obj</name>
      </input_file>
      <input_file id="fl-10">
         <path>.\Source\portable\CCS\ARM_CM4F\</path>
         <kind>object</kind>
         <file>port.obj</file>
         <name>port.obj</name>
      </input_file>
      <input_file id="fl-11">
         <path>.\Source\portable\CCS\ARM_CM4F\</path>
         <kind>object</kind>
         <file>portasm.obj</file>
         <name>portasm.obj</name>
      </input_file>
      <input_file id="fl-12">
         <path>.\Drivers\</path>
         <kind>object</kind>
         <file>Processor_Initialization_TM4C1294.obj</file>
         <name>Processor_Initialization_TM4C1294.obj</name>
      </input_file>
      <input_file id="fl-13">
         <path>.\Drivers\</path>
         <kind>object</kind>
         <file>uartstdio.obj</file>
         <name>uartstdio.obj</name>
      </input_file>
      <input_file id="fl-13a">
         <path>C:\TI_CodeComposer\ccsv6\tools\compiler\ti-cgt-arm_5.2.2\lib\</path>
         <kind>archive</kind>
         <file>rtsv7M4_T_le_v4SPD16_eabi.lib</file>
         <name>boot.obj</name>
      </input_file>
      <input_file id="fl-13b">
         <path>C:\TI_CodeComposer\ccsv6\tools\compiler\ti-cgt-arm_5.2.2\lib\</path>
         <kind>archive</kind>
         <file>rtsv7M4_T_le_v4SPD16_eabi.lib</file>
         <name>copy_decompress_none.obj</name>
      </input_file>
      <input_file id="fl-13c">
         <path>C:\TI_CodeComposer\ccsv6\tools\compiler\ti-cgt-arm_5.2.2\lib\</path>
         <kind>archive</kind>
         <file>rtsv7M4_T_le_v4SPD16_eabi.lib</file>
         <name>copy_decompress_rle.obj</name>
      </input_file>
      <input_file id="fl-13d">
         <path>C:\TI_CodeComposer\ccsv6\tools\compiler\ti-cgt-arm_5.2.2\lib\</path>
         <kind>archive</kind>
         <file>rtsv7M4_T_le_v4SPD16_eabi.lib</file>
         <name>copy_zero_init.obj</name>
      </input_file>
      <input_file id="fl-13e">
         <path>C:\TI_CodeComposer\ccsv6\tools\compiler\ti-cgt-arm_5.2.2\lib\</path>
         <kind>archive</kind>
         <file>rtsv7M4_T_le_v4SPD16_eabi.lib</file>
         <name>exit.obj</name>
      </input_file>
      <input_file id="fl-13f">
         <path>C:\TI_CodeComposer\ccsv6\tools\compiler\ti-cgt-arm_5.2.2\lib\</path>
         <kind>archive</kind>
         <file>rtsv7M4_T_le_v4SPD16_eabi.lib</file>
         <name>fd_add_t2.obj</name>
      </input_file>
      <input_file id="fl-140">
         <path>C:\TI_CodeComposer\ccsv6\tools\compiler\ti-cgt-arm_5.2.2\lib\</path>
         <kind>archive</kind>
         <file>rtsv7M4_T_le_v4SPD16_eabi.lib</file>
         <name>fd_div_t2.obj</name>
      </input_file>
      <input_file id="fl-141">
         <path>C:\TI_CodeComposer\ccsv6\tools\compiler\ti-cgt-arm_5.2.2\lib\</path>
         <kind>archive</kind>
         <file>rtsv7M4_T_le_v4SPD16_eabi.lib</file>
         <name>fd_mul_t2.obj</name>
      </input_file>
      <input_file id="fl-142">
         <path>C:\TI_CodeComposer\ccsv6\tools\compiler\ti-cgt-arm_5.2.2\lib\</path>
         <kind>archive</kind>
         <file>rtsv7M4_T_le_v4SPD16_eabi.lib</file>
         <name>fd_tos_t2.obj</name>
      </input_file>
      <input_file id="fl-143">
         <path>C:\TI_CodeComposer\ccsv6\tools\compiler\ti-cgt-arm_5.2.2\lib\</path>
         <kind>archive</kind>
         <file>rtsv7M4_T_le_v4SPD16_eabi.lib</file>
         <name>fs_tod_t2.obj</name>
      </input_file>
      <input_file id="fl-144">
         <path>C:\TI_CodeComposer\ccsv6\tools\compiler\ti-cgt-arm_5.2.2\lib\</path>
         <kind>archive</kind>
         <file>rtsv7M4_T_le_v4SPD16_eabi.lib</file>
         <name>memcpy_t2.obj</name>
      </input_file>
      <input_file id="fl-145">
         <path>C:\TI_CodeComposer\ccsv6\tools\compiler\ti-cgt-arm_5.2.2\lib\</path>
         <kind>archive</kind>
         <file>rtsv7M4_T_le_v4SPD16_eabi.lib</file>
         <name>memset_t2.obj</name>
      </input_file>
      <input_file id="fl-146">
         <path>C:\TI_CodeComposer\ccsv6\tools\compiler\ti-cgt-arm_5.2.2\lib\</path>
         <kind>archive</kind>
         <file>rtsv7M4_T_le_v4SPD16_eabi.lib</file>
         <name>pre_init.obj</name>
      </input_file>
      <input_file id="fl-147">
         <path>C:\TI_CodeComposer\ccsv6\tools\compiler\ti-cgt-arm_5.2.2\lib\</path>
         <kind>archive</kind>
         <file>rtsv7M4_T_le_v4SPD16_eabi.lib</file>
         <name>printf.obj</name>
      </input_file>
      <input_file id="fl-148">
         <path>C:\TI_CodeComposer\ccsv6\tools\compiler\ti-cgt-arm_5.2.2\lib\</path>
         <kind>archive</kind>
         <file>rtsv7M4_T_le_v4SPD16_eabi.lib</file>
         <name>stkdepth_vars.obj</name>
      </input_file>
      <input_file id="fl-149">
         <path>C:\TI_CodeComposer\ccsv6\tools\compiler\ti-cgt-arm_5.2.2\lib\</path>
         <kind>archive</kind>
         <file>rtsv7M4_T_le_v4SPD16_eabi.lib</file>
         <name>u_divt2.obj</name>
      </input_file>
      <input_file id="fl-14a">
         <path>C:\TI_CodeComposer\ccsv6\tools\compiler\ti-cgt-arm_5.2.2\lib\</path>
         <kind>archive</kind>
         <file>rtsv7M4_T_le_v4SPD16_eabi.lib</file>
         <name>u_tofd_t2.obj</name>
      </input_file>
      <input_file id="fl-14b">
         <path>C:\TI_CodeComposer\ccsv6\tools\compiler\ti-cgt-arm_5.2.2\lib\</path>
         <kind>archive</kind>
         <file>rtsv7M4_T_le_v4SPD16_eabi.lib</file>
         <name>_lock.obj</name>
      </input_file>
      <input_file id="fl-14c">
         <path>C:\TI_CodeComposer\ccsv6\tools\compiler\ti-cgt-arm_5.2.2\lib\</path>
         <kind>archive</kind>
         <file>rtsv7M4_T_le_v4SPD16_eabi.lib</file>
         <name>_printfi.obj</name>
      </input_file>
      <input_file id="fl-14d">
         <path>C:\TI_CodeComposer\ccsv6\tools\compiler\ti-cgt-arm_5.2.2\lib\</path>
         <kind>archive</kind>
         <file>rtsv7M4_T_le_v4SPD16_eabi.lib</file>
         <name>args_main.obj</name>
      </input_file>
      <input_file id="fl-14e">
         <path>C:\TI_CodeComposer\ccsv6\tools\compiler\ti-cgt-arm_5.2.2\lib\</path>
         <kind>archive</kind>
         <file>rtsv7M4_T_le_v4SPD16_eabi.lib</file>
         <name>atoi.obj</name>
      </input_file>
      <input_file id="fl-14f">
         <path>C:\TI_CodeComposer\ccsv6\tools\compiler\ti-cgt-arm_5.2.2\lib\</path>
         <kind>archive</kind>
         <file>rtsv7M4_T_le_v4SPD16_eabi.lib</file>
         <name>autoinit.obj</name>
      </input_file>
      <input_file id="fl-150">
         <path>C:\TI_CodeComposer\ccsv6\tools\compiler\ti-cgt-arm_5.2.2\lib\</path>
         <kind>archive</kind>
         <file>rtsv7M4_T_le_v4SPD16_eabi.lib</file>
         <name>cpy_tbl.obj</name>
      </input_file>
      <input_file id="fl-151">
         <path>C:\TI_CodeComposer\ccsv6\tools\compiler\ti-cgt-arm_5.2.2\lib\</path>
         <kind>archive</kind>
         <file>rtsv7M4_T_le_v4SPD16_eabi.lib</file>
         <name>ctype.obj</name>
      </input_file>
      <input_file id="fl-152">
         <path>C:\TI_CodeComposer\ccsv6\tools\compiler\ti-cgt-arm_5.2.2\lib\</path>
         <kind>archive</kind>
         <file>rtsv7M4_T_le_v4SPD16_eabi.lib</file>
         <name>defs.obj</name>
      </input_file>
      <input_file id="fl-153">
         <path>C:\TI_CodeComposer\ccsv6\tools\compiler\ti-cgt-arm_5.2.2\lib\</path>
         <kind>archive</kind>
         <file>rtsv7M4_T_le_v4SPD16_eabi.lib</file>
         <name>fd_cmp_t2.obj</name>
      </input_file>
      <input_file id="fl-154">
         <path>C:\TI_CodeComposer\ccsv6\tools\compiler\ti-cgt-arm_5.2.2\lib\</path>
         <kind>archive</kind>
         <file>rtsv7M4_T_le_v4SPD16_eabi.lib</file>
         <name>fd_toi_t2.obj</name>
      </input_file>
      <input_file id="fl-155">
         <path>C:\TI_CodeComposer\ccsv6\tools\compiler\ti-cgt-arm_5.2.2\lib\</path>
         <kind>archive</kind>
         <file>rtsv7M4_T_le_v4SPD16_eabi.lib</file>
         <name>fputc.obj</name>
      </input_file>
      <input_file id="fl-156">
         <path>C:\TI_CodeComposer\ccsv6\tools\compiler\ti-cgt-arm_5.2.2\lib\</path>
         <kind>archive</kind>
         <file>rtsv7M4_T_le_v4SPD16_eabi.lib</file>
         <name>fputs.obj</name>
      </input_file>
      <input_file id="fl-157">
         <path>C:\TI_CodeComposer\ccsv6\tools\compiler\ti-cgt-arm_5.2.2\lib\</path>
         <kind>archive</kind>
         <file>rtsv7M4_T_le_v4SPD16_eabi.lib</file>
         <name>frexp.obj</name>
      </input_file>
      <input_file id="fl-158">
         <path>C:\TI_CodeComposer\ccsv6\tools\compiler\ti-cgt-arm_5.2.2\lib\</path>
         <kind>archive</kind>
         <file>rtsv7M4_T_le_v4SPD16_eabi.lib</file>
         <name>i_tofd_t2.obj</name>
      </input_file>
      <input_file id="fl-159">
         <path>C:\TI_CodeComposer\ccsv6\tools\compiler\ti-cgt-arm_5.2.2\lib\</path>
         <kind>archive</kind>
         <file>rtsv7M4_T_le_v4SPD16_eabi.lib</file>
         <name>ldexp.obj</name>
      </input_file>
      <input_file id="fl-15a">
         <path>C:\TI_CodeComposer\ccsv6\tools\compiler\ti-cgt-arm_5.2.2\lib\</path>
         <kind>archive</kind>
         <file>rtsv7M4_T_le_v4SPD16_eabi.lib</file>
         <name>lowlev.obj</name>
      </input_file>
      <input_file id="fl-15b">
         <path>C:\TI_CodeComposer\ccsv6\tools\compiler\ti-cgt-arm_5.2.2\lib\</path>
         <kind>archive</kind>
         <file>rtsv7M4_T_le_v4SPD16_eabi.lib</file>
         <name>ltoa.obj</name>
      </input_file>
      <input_file id="fl-15c">
         <path>C:\TI_CodeComposer\ccsv6\tools\compiler\ti-cgt-arm_5.2.2\lib\</path>
         <kind>archive</kind>
         <file>rtsv7M4_T_le_v4SPD16_eabi.lib</file>
         <name>memccpy.obj</name>
      </input_file>
      <input_file id="fl-15d">
         <path>C:\TI_CodeComposer\ccsv6\tools\compiler\ti-cgt-arm_5.2.2\lib\</path>
         <kind>archive</kind>
         <file>rtsv7M4_T_le_v4SPD16_eabi.lib</file>
         <name>memchr.obj</name>
      </input_file>
      <input_file id="fl-15e">
         <path>C:\TI_CodeComposer\ccsv6\tools\compiler\ti-cgt-arm_5.2.2\lib\</path>
         <kind>archive</kind>
         <file>rtsv7M4_T_le_v4SPD16_eabi.lib</file>
         <name>strchr.obj</name>
      </input_file>
      <input_file id="fl-15f">
         <path>C:\TI_CodeComposer\ccsv6\tools\compiler\ti-cgt-arm_5.2.2\lib\</path>
         <kind>archive</kind>
         <file>rtsv7M4_T_le_v4SPD16_eabi.lib</file>
         <name>strcmp.obj</name>
      </input_file>
      <input_file id="fl-160">
         <path>C:\TI_CodeComposer\ccsv6\tools\compiler\ti-cgt-arm_5.2.2\lib\</path>
         <kind>archive</kind>
         <file>rtsv7M4_T_le_v4SPD16_eabi.lib</file>
         <name>strlen.obj</name>
      </input_file>
      <input_file id="fl-161">
         <path>C:\TI_CodeComposer\ccsv6\tools\compiler\ti-cgt-arm_5.2.2\lib\</path>
         <kind>archive</kind>
         <file>rtsv7M4_T_le_v4SPD16_eabi.lib</file>
         <name>strncpy.obj</name>
      </input_file>
      <input_file id="fl-162">
         <path>C:\TI_CodeComposer\ccsv6\tools\compiler\ti-cgt-arm_5.2.2\lib\</path>
         <kind>archive</kind>
         <file>rtsv7M4_T_le_v4SPD16_eabi.lib</file>
         <name>trgdrv.obj</name>
      </input_file>
      <input_file id="fl-163">
         <path>C:\TI_CodeComposer\ccsv6\tools\compiler\ti-cgt-arm_5.2.2\lib\</path>
         <kind>archive</kind>
         <file>rtsv7M4_T_le_v4SPD16_eabi.lib</file>
         <name>trgmsg.obj</name>
      </input_file>
      <input_file id="fl-164">
         <path>C:\TI_CodeComposer\ccsv6\tools\compiler\ti-cgt-arm_5.2.2\lib\</path>
         <kind>archive</kind>
         <file>rtsv7M4_T_le_v4SPD16_eabi.lib</file>
         <name>ull_div_t2.obj</name>
      </input_file>
      <input_file id="fl-165">
         <path>C:\TI_CodeComposer\ccsv6\tools\compiler\ti-cgt-arm_5.2.2\lib\</path>
         <kind>archive</kind>
         <file>rtsv7M4_T_le_v4SPD16_eabi.lib</file>
         <name>xdclass.obj</name>
      </input_file>
      <input_file id="fl-166">
         <path>C:\TI_CodeComposer\ccsv6\tools\compiler\ti-cgt-arm_5.2.2\lib\</path>
         <kind>archive</kind>
         <file>rtsv7M4_T_le_v4SPD16_eabi.lib</file>
         <name>xdscale.obj</name>
      </input_file>
      <input_file id="fl-167">
         <path>C:\TI_CodeComposer\ccsv6\tools\compiler\ti-cgt-arm_5.2.2\lib\</path>
         <kind>archive</kind>
         <file>rtsv7M4_T_le_v4SPD16_eabi.lib</file>
         <name>xdunscal.obj</name>
      </input_file>
      <input_file id="fl-168">
         <path>C:\TI_CodeComposer\ccsv6\tools\compiler\ti-cgt-arm_5.2.2\lib\</path>
         <kind>archive</kind>
         <file>rtsv7M4_T_le_v4SPD16_eabi.lib</file>
         <name>xferaise.obj</name>
      </input_file>
      <input_file id="fl-169">
         <path>C:\TI_CodeComposer\ccsv6\tools\compiler\ti-cgt-arm_5.2.2\lib\</path>
         <kind>archive</kind>
         <file>rtsv7M4_T_le_v4SPD16_eabi.lib</file>
         <name>xvalues.obj</name>
      </input_file>
      <input_file id="fl-16a">
         <path>C:\TI_CodeComposer\ccsv6\tools\compiler\ti-cgt-arm_5.2.2\lib\</path>
         <kind>archive</kind>
         <file>rtsv7M4_T_le_v4SPD16_eabi.lib</file>
         <name>_io_perm.obj</name>
      </input_file>
      <input_file id="fl-16b">
         <path>C:\TI_CodeComposer\ccsv6\tools\compiler\ti-cgt-arm_5.2.2\lib\</path>
         <kind>archive</kind>
         <file>rtsv7M4_T_le_v4SPD16_eabi.lib</file>
         <name>errno.obj</name>
      </input_file>
      <input_file id="fl-16c">
         <path>C:\TI_CodeComposer\ccsv6\tools\compiler\ti-cgt-arm_5.2.2\lib\</path>
         <kind>archive</kind>
         <file>rtsv7M4_T_le_v4SPD16_eabi.lib</file>
         <name>feraiseexcept.obj</name>
      </input_file>
      <input_file id="fl-16d">
         <path>C:\TI_CodeComposer\ccsv6\tools\compiler\ti-cgt-arm_5.2.2\lib\</path>
         <kind>archive</kind>
         <file>rtsv7M4_T_le_v4SPD16_eabi.lib</file>
         <name>fflush.obj</name>
      </input_file>
      <input_file id="fl-16e">
         <path>C:\TI_CodeComposer\ccsv6\tools\compiler\ti-cgt-arm_5.2.2\lib\</path>
         <kind>archive</kind>
         <file>rtsv7M4_T_le_v4SPD16_eabi.lib</file>
         <name>fseek.obj</name>
      </input_file>
      <input_file id="fl-16f">
         <path>C:\TI_CodeComposer\ccsv6\tools\compiler\ti-cgt-arm_5.2.2\lib\</path>
         <kind>archive</kind>
         <file>rtsv7M4_T_le_v4SPD16_eabi.lib</file>
         <name>raise.obj</name>
      </input_file>
      <input_file id="fl-170">
         <path>C:\TI_CodeComposer\ccsv6\tools\compiler\ti-cgt-arm_5.2.2\lib\</path>
         <kind>archive</kind>
         <file>rtsv7M4_T_le_v4SPD16_eabi.lib</file>
         <name>setvbuf.obj</name>
      </input_file>
      <input_file id="fl-171">
         <path>C:\TI_CodeComposer\ccsv6\tools\compiler\ti-cgt-arm_5.2.2\lib\</path>
         <kind>archive</kind>
         <file>rtsv7M4_T_le_v4SPD16_eabi.lib</file>
         <name>signal.obj</name>
      </input_file>
      <input_file id="fl-172">
         <path>C:\TI_CodeComposer\ccsv6\tools\compiler\ti-cgt-arm_5.2.2\lib\</path>
         <kind>archive</kind>
         <file>rtsv7M4_T_le_v4SPD16_eabi.lib</file>
         <name>strcpy.obj</name>
      </input_file>
      <input_file id="fl-173">
         <path>C:\TI_CodeComposer\ccsv6\tools\compiler\ti-cgt-arm_5.2.2\lib\</path>
         <kind>archive</kind>
         <file>rtsv7M4_T_le_v4SPD16_eabi.lib</file>
         <name>xdnorm.obj</name>
      </input_file>
      <input_file id="fl-174">
         <path>C:\TI_CodeComposer\ccsv6\tools\compiler\ti-cgt-arm_5.2.2\lib\</path>
         <kind>archive</kind>
         <file>rtsv7M4_T_le_v4SPD16_eabi.lib</file>
         <name>fopen.obj</name>
      </input_file>
      <input_file id="fl-175">
         <path>C:\TI_CodeComposer\ccsv6\tools\compiler\ti-cgt-arm_5.2.2\lib\</path>
         <kind>archive</kind>
         <file>rtsv7M4_T_le_v4SPD16_eabi.lib</file>
         <name>memory.obj</name>
      </input_file>
      <input_file id="fl-176">
         <path>C:\TI_CodeComposer\ccsv6\tools\compiler\ti-cgt-arm_5.2.2\lib\</path>
         <kind>archive</kind>
         <file>rtsv7M4_T_le_v4SPD16_eabi.lib</file>
         <name>fclose.obj</name>
      </input_file>
      <input_file id="fl-177">
         <path>C:\TI_CodeComposer\ccsv6\tools\compiler\ti-cgt-arm_5.2.2\lib\</path>
         <kind>archive</kind>
         <file>rtsv7M4_T_le_v4SPD16_eabi.lib</file>
         <name>remove.obj</name>
      </input_file>
      <input_file id="fl-178">
         <path>C:\TI_CodeComposer\TivaWare\driverlib\ccs\Debug\</path>
         <kind>archive</kind>
         <file>driverlib.lib</file>
         <name>uart.obj</name>
      </input_file>
      <input_file id="fl-179">
         <path>C:\TI_CodeComposer\TivaWare\driverlib\ccs\Debug\</path>
         <kind>archive</kind>
         <file>driverlib.lib</file>
         <name>sysctl.obj</name>
      </input_file>
      <input_file id="fl-17a">
         <path>C:\TI_CodeComposer\TivaWare\driverlib\ccs\Debug\</path>
         <kind>archive</kind>
         <file>driverlib.lib</file>
         <name>interrupt.obj</name>
      </input_file>
      <input_file id="fl-17b">
         <path>C:\TI_CodeComposer\TivaWare\driverlib\ccs\Debug\</path>
         <kind>archive</kind>
         <file>driverlib.lib</file>
         <name>gpio.obj</name>
      </input_file>
      <input_file id="fl-17c">
         <path>C:\TI_CodeComposer\TivaWare\driverlib\ccs\Debug\</path>
         <kind>archive</kind>
         <file>driverlib.lib</file>
         <name>cpu.obj</name>
      </input_file>
      <input_file id="fl-17d">
         <path>C:\TI_CodeComposer\TivaWare\driverlib\ccs\Debug\</path>
         <kind>archive</kind>
         <file>driverlib.lib</file>
         <name>adc.obj</name>
      </input_file>
   </input_file_list>
   <object_component_list>
      <object_component id="oc-f">
         <name>.intvecs</name>
         <load_address>0x0</load_address>
         <run_address>0x0</run_address>
         <size>0x200</size>
         <input_file_ref idref="fl-3"/>
      </object_component>
      <object_component id="oc-92">
         <name>.text</name>
         <load_address>0x200</load_address>
         <run_address>0x200</run_address>
         <size>0x17d0</size>
         <input_file_ref idref="fl-e"/>
      </object_component>
      <object_component id="oc-2fe">
         <name>.text</name>
         <load_address>0x19d0</load_address>
         <run_address>0x19d0</run_address>
         <size>0x10ba</size>
         <input_file_ref idref="fl-14c"/>
      </object_component>
      <object_component id="oc-17e">
         <name>.text</name>
         <load_address>0x2a8c</load_address>
         <run_address>0x2a8c</run_address>
         <size>0xa08</size>
         <input_file_ref idref="fl-d"/>
      </object_component>
      <object_component id="oc-fa">
         <name>.text</name>
         <load_address>0x3494</load_address>
         <run_address>0x3494</run_address>
         <size>0x538</size>
         <input_file_ref idref="fl-f"/>
      </object_component>
      <object_component id="oc-1da">
         <name>.text</name>
         <load_address>0x39cc</load_address>
         <run_address>0x39cc</run_address>
         <size>0x49c</size>
         <input_file_ref idref="fl-13"/>
      </object_component>
      <object_component id="oc-431">
         <name>.text</name>
         <load_address>0x3e68</load_address>
         <run_address>0x3e68</run_address>
         <size>0x3dc</size>
         <input_file_ref idref="fl-175"/>
      </object_component>
      <object_component id="oc-356">
         <name>.text</name>
         <load_address>0x4244</load_address>
         <run_address>0x4244</run_address>
         <size>0x30c</size>
         <input_file_ref idref="fl-15a"/>
      </object_component>
      <object_component id="oc-44e">
         <name>.text</name>
         <load_address>0x4550</load_address>
         <run_address>0x4550</run_address>
         <size>0x2d4</size>
         <input_file_ref idref="fl-162"/>
      </object_component>
      <object_component id="oc-1aa">
         <name>.text:SysCtlClockFreqSet</name>
         <load_address>0x4824</load_address>
         <run_address>0x4824</run_address>
         <size>0x1fc</size>
         <input_file_ref idref="fl-179"/>
      </object_component>
      <object_component id="oc-36c">
         <name>.text</name>
         <load_address>0x4a20</load_address>
         <run_address>0x4a20</run_address>
         <size>0x1f4</size>
         <input_file_ref idref="fl-164"/>
      </object_component>
      <object_component id="oc-437">
         <name>.text</name>
         <load_address>0x4c14</load_address>
         <run_address>0x4c14</run_address>
         <size>0x1c4</size>
         <input_file_ref idref="fl-174"/>
      </object_component>
      <object_component id="oc-104">
         <name>.text</name>
         <load_address>0x4dd8</load_address>
         <run_address>0x4dd8</run_address>
         <size>0x1b8</size>
         <input_file_ref idref="fl-4"/>
      </object_component>
      <object_component id="oc-243">
         <name>.text</name>
         <load_address>0x4f90</load_address>
         <run_address>0x4f90</run_address>
         <size>0x1b6</size>
         <input_file_ref idref="fl-13f"/>
      </object_component>
      <object_component id="oc-146">
         <name>.text</name>
         <load_address>0x5148</load_address>
         <run_address>0x5148</run_address>
         <size>0x15c</size>
         <input_file_ref idref="fl-9"/>
      </object_component>
      <object_component id="oc-22f">
         <name>.text</name>
         <load_address>0x52a4</load_address>
         <run_address>0x52a4</run_address>
         <size>0x136</size>
         <input_file_ref idref="fl-140"/>
      </object_component>
      <object_component id="oc-3b">
         <name>.text</name>
         <load_address>0x53dc</load_address>
         <run_address>0x53dc</run_address>
         <size>0x134</size>
         <input_file_ref idref="fl-10"/>
      </object_component>
      <object_component id="oc-2f8">
         <name>.text</name>
         <load_address>0x5510</load_address>
         <run_address>0x5510</run_address>
         <size>0x134</size>
         <input_file_ref idref="fl-156"/>
      </object_component>
      <object_component id="oc-1ea">
         <name>.text:GPIOPadConfigSet</name>
         <load_address>0x5644</load_address>
         <run_address>0x5644</run_address>
         <size>0x130</size>
         <input_file_ref idref="fl-17b"/>
      </object_component>
      <object_component id="oc-f0">
         <name>.text</name>
         <load_address>0x5774</load_address>
         <run_address>0x5774</run_address>
         <size>0x12a</size>
         <input_file_ref idref="fl-c"/>
      </object_component>
      <object_component id="oc-40d">
         <name>.text</name>
         <load_address>0x58a0</load_address>
         <run_address>0x58a0</run_address>
         <size>0x110</size>
         <input_file_ref idref="fl-166"/>
      </object_component>
      <object_component id="oc-234">
         <name>.text</name>
         <load_address>0x59b0</load_address>
         <run_address>0x59b0</run_address>
         <size>0xfc</size>
         <input_file_ref idref="fl-141"/>
      </object_component>
      <object_component id="oc-cb">
         <name>.text</name>
         <load_address>0x5aac</load_address>
         <run_address>0x5aac</run_address>
         <size>0xf8</size>
         <input_file_ref idref="fl-2"/>
      </object_component>
      <object_component id="oc-3d2">
         <name>.text</name>
         <load_address>0x5ba4</load_address>
         <run_address>0x5ba4</run_address>
         <size>0xdc</size>
         <input_file_ref idref="fl-170"/>
      </object_component>
      <object_component id="oc-36">
         <name>.text</name>
         <load_address>0x5c80</load_address>
         <run_address>0x5c80</run_address>
         <size>0xd2</size>
         <input_file_ref idref="fl-11"/>
      </object_component>
      <object_component id="oc-350">
         <name>.text</name>
         <load_address>0x5d54</load_address>
         <run_address>0x5d54</run_address>
         <size>0xc8</size>
         <input_file_ref idref="fl-16d"/>
      </object_component>
      <object_component id="oc-463">
         <name>.text</name>
         <load_address>0x5e1c</load_address>
         <run_address>0x5e1c</run_address>
         <size>0xbe</size>
         <input_file_ref idref="fl-173"/>
      </object_component>
      <object_component id="oc-134">
         <name>.text</name>
         <load_address>0x5edc</load_address>
         <run_address>0x5edc</run_address>
         <size>0xbc</size>
         <input_file_ref idref="fl-12"/>
      </object_component>
      <object_component id="oc-34a">
         <name>.text</name>
         <load_address>0x5f98</load_address>
         <run_address>0x5f98</run_address>
         <size>0xac</size>
         <input_file_ref idref="fl-16a"/>
      </object_component>
      <object_component id="oc-44">
         <name>.text</name>
         <load_address>0x6044</load_address>
         <run_address>0x6044</run_address>
         <size>0x9c</size>
         <input_file_ref idref="fl-144"/>
      </object_component>
      <object_component id="oc-48f">
         <name>.text</name>
         <load_address>0x60e0</load_address>
         <run_address>0x60e0</run_address>
         <size>0x98</size>
         <input_file_ref idref="fl-176"/>
      </object_component>
      <object_component id="oc-2f2">
         <name>.text</name>
         <load_address>0x6178</load_address>
         <run_address>0x6178</run_address>
         <size>0x98</size>
         <input_file_ref idref="fl-155"/>
      </object_component>
      <object_component id="oc-371">
         <name>.text:__aeabi_cdcmple</name>
         <load_address>0x6210</load_address>
         <run_address>0x6210</run_address>
         <size>0x86</size>
         <input_file_ref idref="fl-153"/>
      </object_component>
      <object_component id="oc-376">
         <name>.text:__aeabi_cdrcmple</name>
         <load_address>0x6296</load_address>
         <run_address>0x6296</run_address>
         <size>0x86</size>
         <input_file_ref idref="fl-153"/>
      </object_component>
      <object_component id="oc-14c">
         <name>.text</name>
         <load_address>0x631c</load_address>
         <run_address>0x631c</run_address>
         <size>0x84</size>
         <input_file_ref idref="fl-6"/>
      </object_component>
      <object_component id="oc-206">
         <name>.text:ADCSequenceStepConfigure</name>
         <load_address>0x63a0</load_address>
         <run_address>0x63a0</run_address>
         <size>0x80</size>
         <input_file_ref idref="fl-17d"/>
      </object_component>
      <object_component id="oc-5d">
         <name>.text</name>
         <load_address>0x6420</load_address>
         <run_address>0x6420</run_address>
         <size>0x7a</size>
         <input_file_ref idref="fl-145"/>
      </object_component>
      <object_component id="oc-248">
         <name>.text</name>
         <load_address>0x649c</load_address>
         <run_address>0x649c</run_address>
         <size>0x70</size>
         <input_file_ref idref="fl-147"/>
      </object_component>
      <object_component id="oc-6f">
         <name>.text</name>
         <load_address>0x650c</load_address>
         <run_address>0x650c</run_address>
         <size>0x6c</size>
         <input_file_ref idref="fl-14f"/>
      </object_component>
      <object_component id="oc-50">
         <name>.text</name>
         <load_address>0x6578</load_address>
         <run_address>0x6578</run_address>
         <size>0x6a</size>
         <input_file_ref idref="fl-13c"/>
      </object_component>
      <object_component id="oc-49e">
         <name>.text</name>
         <load_address>0x65e4</load_address>
         <run_address>0x65e4</run_address>
         <size>0x68</size>
         <input_file_ref idref="fl-163"/>
      </object_component>
      <object_component id="oc-405">
         <name>.text</name>
         <load_address>0x664c</load_address>
         <run_address>0x664c</run_address>
         <size>0x66</size>
         <input_file_ref idref="fl-167"/>
      </object_component>
      <object_component id="oc-3cc">
         <name>.text</name>
         <load_address>0x66b4</load_address>
         <run_address>0x66b4</run_address>
         <size>0x64</size>
         <input_file_ref idref="fl-16e"/>
      </object_component>
      <object_component id="oc-380">
         <name>.text</name>
         <load_address>0x6718</load_address>
         <run_address>0x6718</run_address>
         <size>0x56</size>
         <input_file_ref idref="fl-15b"/>
      </object_component>
      <object_component id="oc-391">
         <name>.text</name>
         <load_address>0x676e</load_address>
         <run_address>0x676e</run_address>
         <size>0x52</size>
         <input_file_ref idref="fl-159"/>
      </object_component>
      <object_component id="oc-24">
         <name>.text</name>
         <load_address>0x67c0</load_address>
         <run_address>0x67c0</run_address>
         <size>0x50</size>
         <input_file_ref idref="fl-13a"/>
      </object_component>
      <object_component id="oc-13a">
         <name>.text</name>
         <load_address>0x6810</load_address>
         <run_address>0x6810</run_address>
         <size>0x4c</size>
         <input_file_ref idref="fl-5"/>
      </object_component>
      <object_component id="oc-3a9">
         <name>.text</name>
         <load_address>0x685c</load_address>
         <run_address>0x685c</run_address>
         <size>0x4c</size>
         <input_file_ref idref="fl-14e"/>
      </object_component>
      <object_component id="oc-c3">
         <name>.text</name>
         <load_address>0x68a8</load_address>
         <run_address>0x68a8</run_address>
         <size>0x4c</size>
         <input_file_ref idref="fl-150"/>
      </object_component>
      <object_component id="oc-239">
         <name>.text</name>
         <load_address>0x68f4</load_address>
         <run_address>0x68f4</run_address>
         <size>0x4a</size>
         <input_file_ref idref="fl-142"/>
      </object_component>
      <object_component id="oc-1b6">
         <name>.text:GPIOPinConfigure</name>
         <load_address>0x6940</load_address>
         <run_address>0x6940</run_address>
         <size>0x48</size>
         <input_file_ref idref="fl-17b"/>
      </object_component>
      <object_component id="oc-152">
         <name>.text</name>
         <load_address>0x6988</load_address>
         <run_address>0x6988</run_address>
         <size>0x48</size>
         <input_file_ref idref="fl-7"/>
      </object_component>
      <object_component id="oc-289">
         <name>.text:_SysCtlFrequencyGet</name>
         <load_address>0x69d0</load_address>
         <run_address>0x69d0</run_address>
         <size>0x48</size>
         <input_file_ref idref="fl-179"/>
      </object_component>
      <object_component id="oc-37b">
         <name>.text</name>
         <load_address>0x6a18</load_address>
         <run_address>0x6a18</run_address>
         <size>0x48</size>
         <input_file_ref idref="fl-154"/>
      </object_component>
      <object_component id="oc-7b">
         <name>.text</name>
         <load_address>0x6a60</load_address>
         <run_address>0x6a60</run_address>
         <size>0x44</size>
         <input_file_ref idref="fl-13e"/>
      </object_component>
      <object_component id="oc-2ce">
         <name>.text</name>
         <load_address>0x6aa4</load_address>
         <run_address>0x6aa4</run_address>
         <size>0x42</size>
         <input_file_ref idref="fl-149"/>
      </object_component>
      <object_component id="oc-1c8">
         <name>.text:UARTConfigSetExpClk</name>
         <load_address>0x6ae6</load_address>
         <run_address>0x6ae6</run_address>
         <size>0x40</size>
         <input_file_ref idref="fl-178"/>
      </object_component>
      <object_component id="oc-4e2">
         <name>.text</name>
         <load_address>0x6b28</load_address>
         <run_address>0x6b28</run_address>
         <size>0x40</size>
         <input_file_ref idref="fl-171"/>
      </object_component>
      <object_component id="oc-200">
         <name>.text:ADCSequenceConfigure</name>
         <load_address>0x6b68</load_address>
         <run_address>0x6b68</run_address>
         <size>0x3e</size>
         <input_file_ref idref="fl-17d"/>
      </object_component>
      <object_component id="oc-23e">
         <name>.text</name>
         <load_address>0x6ba6</load_address>
         <run_address>0x6ba6</run_address>
         <size>0x38</size>
         <input_file_ref idref="fl-143"/>
      </object_component>
      <object_component id="oc-1b0">
         <name>.text:SysCtlPeripheralEnable</name>
         <load_address>0x6be0</load_address>
         <run_address>0x6be0</run_address>
         <size>0x34</size>
         <input_file_ref idref="fl-179"/>
      </object_component>
      <object_component id="oc-2bc">
         <name>.text:SysCtlPeripheralPresent</name>
         <load_address>0x6c14</load_address>
         <run_address>0x6c14</run_address>
         <size>0x34</size>
         <input_file_ref idref="fl-179"/>
      </object_component>
      <object_component id="oc-472">
         <name>.text</name>
         <load_address>0x6c48</load_address>
         <run_address>0x6c48</run_address>
         <size>0x34</size>
         <input_file_ref idref="fl-16c"/>
      </object_component>
      <object_component id="oc-3e5">
         <name>.text</name>
         <load_address>0x6c7c</load_address>
         <run_address>0x6c7c</run_address>
         <size>0x30</size>
         <input_file_ref idref="fl-161"/>
      </object_component>
      <object_component id="oc-39d">
         <name>.text</name>
         <load_address>0x6cac</load_address>
         <run_address>0x6cac</run_address>
         <size>0x30</size>
         <input_file_ref idref="fl-165"/>
      </object_component>
      <object_component id="oc-413">
         <name>.text</name>
         <load_address>0x6cdc</load_address>
         <run_address>0x6cdc</run_address>
         <size>0x30</size>
         <input_file_ref idref="fl-168"/>
      </object_component>
      <object_component id="oc-218">
         <name>.text:ADCIntStatus</name>
         <load_address>0x6d0c</load_address>
         <run_address>0x6d0c</run_address>
         <size>0x2e</size>
         <input_file_ref idref="fl-17d"/>
      </object_component>
      <object_component id="oc-386">
         <name>.text</name>
         <load_address>0x6d3a</load_address>
         <run_address>0x6d3a</run_address>
         <size>0x2e</size>
         <input_file_ref idref="fl-158"/>
      </object_component>
      <object_component id="oc-4c0">
         <name>.text</name>
         <load_address>0x6d68</load_address>
         <run_address>0x6d68</run_address>
         <size>0x2e</size>
         <input_file_ref idref="fl-16f"/>
      </object_component>
      <object_component id="oc-2aa">
         <name>.text:GPIODirModeSet</name>
         <load_address>0x6d96</load_address>
         <run_address>0x6d96</run_address>
         <size>0x2a</size>
         <input_file_ref idref="fl-17b"/>
      </object_component>
      <object_component id="oc-38b">
         <name>.text</name>
         <load_address>0x6dc0</load_address>
         <run_address>0x6dc0</run_address>
         <size>0x2a</size>
         <input_file_ref idref="fl-157"/>
      </object_component>
      <object_component id="oc-364">
         <name>.text</name>
         <load_address>0x6dea</load_address>
         <run_address>0x6dea</run_address>
         <size>0x20</size>
         <input_file_ref idref="fl-15d"/>
      </object_component>
      <object_component id="oc-22a">
         <name>.text</name>
         <load_address>0x6e0a</load_address>
         <run_address>0x6e0a</run_address>
         <size>0x20</size>
         <input_file_ref idref="fl-14a"/>
      </object_component>
      <object_component id="oc-21e">
         <name>.text:ADCSequenceDataGet</name>
         <load_address>0x6e2a</load_address>
         <run_address>0x6e2a</run_address>
         <size>0x1e</size>
         <input_file_ref idref="fl-17d"/>
      </object_component>
      <object_component id="oc-2b3">
         <name>.text:UARTDisable</name>
         <load_address>0x6e48</load_address>
         <run_address>0x6e48</run_address>
         <size>0x1c</size>
         <input_file_ref idref="fl-178"/>
      </object_component>
      <object_component id="oc-283">
         <name>.text:_SysCtlMemTimingGet</name>
         <load_address>0x6e64</load_address>
         <run_address>0x6e64</run_address>
         <size>0x1c</size>
         <input_file_ref idref="fl-179"/>
      </object_component>
      <object_component id="oc-3a3">
         <name>.text</name>
         <load_address>0x6e80</load_address>
         <run_address>0x6e80</run_address>
         <size>0x1c</size>
         <input_file_ref idref="fl-15c"/>
      </object_component>
      <object_component id="oc-1e4">
         <name>.text:GPIOPinTypeGPIOOutput</name>
         <load_address>0x6e9c</load_address>
         <run_address>0x6e9c</run_address>
         <size>0x18</size>
         <input_file_ref idref="fl-17b"/>
      </object_component>
      <object_component id="oc-75">
         <name>.text</name>
         <load_address>0x6eb4</load_address>
         <run_address>0x6eb4</run_address>
         <size>0x18</size>
         <input_file_ref idref="fl-14d"/>
      </object_component>
      <object_component id="oc-3df">
         <name>.text</name>
         <load_address>0x6ecc</load_address>
         <run_address>0x6ecc</run_address>
         <size>0x18</size>
         <input_file_ref idref="fl-15f"/>
      </object_component>
      <object_component id="oc-212">
         <name>.text:ADCProcessorTrigger</name>
         <load_address>0x6ee4</load_address>
         <run_address>0x6ee4</run_address>
         <size>0x16</size>
         <input_file_ref idref="fl-17d"/>
      </object_component>
      <object_component id="oc-397">
         <name>.text</name>
         <load_address>0x6efa</load_address>
         <run_address>0x6efa</run_address>
         <size>0x16</size>
         <input_file_ref idref="fl-15e"/>
      </object_component>
      <object_component id="oc-1ce">
         <name>.text:UARTEnable</name>
         <load_address>0x6f10</load_address>
         <run_address>0x6f10</run_address>
         <size>0x14</size>
         <input_file_ref idref="fl-178"/>
      </object_component>
      <object_component id="oc-160">
         <name>.text</name>
         <load_address>0x6f24</load_address>
         <run_address>0x6f24</run_address>
         <size>0x14</size>
         <input_file_ref idref="fl-14b"/>
      </object_component>
      <object_component id="oc-4a4">
         <name>.text</name>
         <load_address>0x6f38</load_address>
         <run_address>0x6f38</run_address>
         <size>0x14</size>
         <input_file_ref idref="fl-172"/>
      </object_component>
      <object_component id="oc-35e">
         <name>.text</name>
         <load_address>0x6f4c</load_address>
         <run_address>0x6f4c</run_address>
         <size>0x14</size>
         <input_file_ref idref="fl-160"/>
      </object_component>
      <object_component id="oc-1bc">
         <name>.text:GPIOPinTypeUART</name>
         <load_address>0x6f60</load_address>
         <run_address>0x6f60</run_address>
         <size>0x12</size>
         <input_file_ref idref="fl-17b"/>
      </object_component>
      <object_component id="oc-20c">
         <name>.text:ADCSequenceEnable</name>
         <load_address>0x6f72</load_address>
         <run_address>0x6f72</run_address>
         <size>0xe</size>
         <input_file_ref idref="fl-17d"/>
      </object_component>
      <object_component id="oc-140">
         <name>.text</name>
         <load_address>0x6f80</load_address>
         <run_address>0x6f80</run_address>
         <size>0xe</size>
         <input_file_ref idref="fl-8"/>
      </object_component>
      <object_component id="oc-12">
         <name>.text:decompress:none</name>
         <load_address>0x6f8e</load_address>
         <run_address>0x6f8e</run_address>
         <size>0xe</size>
         <input_file_ref idref="fl-13b"/>
      </object_component>
      <object_component id="oc-30">
         <name>.text</name>
         <load_address>0x6f9c</load_address>
         <run_address>0x6f9c</run_address>
         <size>0xc</size>
         <input_file_ref idref="fl-3"/>
      </object_component>
      <object_component id="oc-1e">
         <name>.text:decompress:ZI</name>
         <load_address>0x6fa8</load_address>
         <run_address>0x6fa8</run_address>
         <size>0xc</size>
         <input_file_ref idref="fl-13d"/>
      </object_component>
      <object_component id="oc-224">
         <name>.text:ADCIntClear</name>
         <load_address>0x6fb4</load_address>
         <run_address>0x6fb4</run_address>
         <size>0xa</size>
         <input_file_ref idref="fl-17d"/>
      </object_component>
      <object_component id="oc-2c2">
         <name>.text:UARTCharGet</name>
         <load_address>0x6fbe</load_address>
         <run_address>0x6fbe</run_address>
         <size>0xa</size>
         <input_file_ref idref="fl-178"/>
      </object_component>
      <object_component id="oc-1d4">
         <name>.text:UARTCharPut</name>
         <load_address>0x6fc8</load_address>
         <run_address>0x6fc8</run_address>
         <size>0xa</size>
         <input_file_ref idref="fl-178"/>
      </object_component>
      <object_component id="oc-1f0">
         <name>.text:GPIOPinRead</name>
         <load_address>0x6fd2</load_address>
         <run_address>0x6fd2</run_address>
         <size>0x6</size>
         <input_file_ref idref="fl-17b"/>
      </object_component>
      <object_component id="oc-1f6">
         <name>.text:GPIOPinWrite</name>
         <load_address>0x6fd8</load_address>
         <run_address>0x6fd8</run_address>
         <size>0x6</size>
         <input_file_ref idref="fl-17b"/>
      </object_component>
      <object_component id="oc-1c2">
         <name>.text:UARTClockSourceSet</name>
         <load_address>0x6fde</load_address>
         <run_address>0x6fde</run_address>
         <size>0x6</size>
         <input_file_ref idref="fl-178"/>
      </object_component>
      <object_component id="oc-18">
         <name>.text:decompress:rle24</name>
         <load_address>0x6fe4</load_address>
         <run_address>0x6fe4</run_address>
         <size>0x6</size>
         <input_file_ref idref="fl-13c"/>
      </object_component>
      <object_component id="oc-69">
         <name>.text</name>
         <load_address>0x6fea</load_address>
         <run_address>0x6fea</run_address>
         <size>0x4</size>
         <input_file_ref idref="fl-146"/>
      </object_component>
      <object_component id="oc-292">
         <name>.const:g_pppui32XTALtoVCO</name>
         <load_address>0x6ff0</load_address>
         <run_address>0x6ff0</run_address>
         <size>0x120</size>
         <input_file_ref idref="fl-179"/>
      </object_component>
      <object_component id="oc-421">
         <name>.const:.string:_ctypes_</name>
         <load_address>0x7110</load_address>
         <run_address>0x7110</run_address>
         <size>0x101</size>
         <input_file_ref idref="fl-151"/>
      </object_component>
      <object_component id="oc-19d">
         <name>.const</name>
         <load_address>0x7212</load_address>
         <run_address>0x7212</run_address>
         <size>0x2</size>
         <input_file_ref idref="fl-4"/>
      </object_component>
      <object_component id="oc-2a5">
         <name>.const:g_pui32GPIOBaseAddrs</name>
         <load_address>0x7214</load_address>
         <run_address>0x7214</run_address>
         <size>0x90</size>
         <input_file_ref idref="fl-17b"/>
      </object_component>
      <object_component id="oc-28f">
         <name>.const:g_pui32Xtals</name>
         <load_address>0x72a4</load_address>
         <run_address>0x72a4</run_address>
         <size>0x6c</size>
         <input_file_ref idref="fl-179"/>
      </object_component>
      <object_component id="oc-324">
         <name>.const:g_sXTALtoMEMTIM</name>
         <load_address>0x7310</load_address>
         <run_address>0x7310</run_address>
         <size>0x30</size>
         <input_file_ref idref="fl-179"/>
      </object_component>
      <object_component id="oc-2c8">
         <name>.const</name>
         <load_address>0x7340</load_address>
         <run_address>0x7340</run_address>
         <size>0x1c</size>
         <input_file_ref idref="fl-13"/>
      </object_component>
      <object_component id="oc-340">
         <name>.const:.string</name>
         <load_address>0x735c</load_address>
         <run_address>0x735c</run_address>
         <size>0x12</size>
         <input_file_ref idref="fl-13"/>
      </object_component>
      <object_component id="oc-295">
         <name>.const</name>
         <load_address>0x7370</load_address>
         <run_address>0x7370</run_address>
         <size>0x8</size>
         <input_file_ref idref="fl-179"/>
      </object_component>
      <object_component id="oc-8f">
         <name>.const</name>
         <load_address>0x7378</load_address>
         <run_address>0x7378</run_address>
         <size>0x4</size>
         <input_file_ref idref="fl-10"/>
      </object_component>
      <object_component id="oc-532">
         <name>.cinit..data.load</name>
         <load_address>0x7380</load_address>
         <run_address>0x7380</run_address>
         <size>0xb4</size>
      </object_component>
      <object_component id="oc-530">
         <name>__TI_handler_table</name>
         <load_address>0x7434</load_address>
         <run_address>0x7434</run_address>
         <size>0xc</size>
      </object_component>
      <object_component id="oc-533">
         <name>.cinit..bss.load</name>
         <load_address>0x7440</load_address>
         <run_address>0x7440</run_address>
         <size>0x8</size>
      </object_component>
      <object_component id="oc-531">
         <name>__TI_cinit_table</name>
         <load_address>0x7448</load_address>
         <run_address>0x7448</run_address>
         <size>0x10</size>
      </object_component>
      <object_component id="oc-2a">
         <name>.sysmem</name>
         <uninitialized>true</uninitialized>
         <run_address>0x2000cf80</run_address>
         <size>0x8</size>
         <input_file_ref idref="fl-175"/>
      </object_component>
      <object_component id="oc-535">
         <name>.sysmem</name>
         <uninitialized>true</uninitialized>
         <run_address>0x2000cf80</run_address>
         <size>0x0</size>
      </object_component>
      <object_component id="oc-29">
         <name>.stack</name>
         <uninitialized>true</uninitialized>
         <run_address>0x2000c780</run_address>
         <size>0x0</size>
         <input_file_ref idref="fl-13a"/>
      </object_component>
      <object_component id="oc-534">
         <name>.stack</name>
         <uninitialized>true</uninitialized>
         <run_address>0x2000c780</run_address>
         <size>0x0</size>
      </object_component>
      <object_component id="oc-2d">
         <name>.bss:pulStack</name>
         <uninitialized>true</uninitialized>
         <run_address>0x2000c470</run_address>
         <size>0x100</size>
         <input_file_ref idref="fl-3"/>
      </object_component>
      <object_component id="oc-199">
         <name>.bss:xHeap</name>
         <uninitialized>true</uninitialized>
         <run_address>0x20000000</run_address>
         <size>0xc350</size>
         <input_file_ref idref="fl-4"/>
      </object_component>
      <object_component id="oc-268">
         <name>.bss:xQueueRegistry</name>
         <uninitialized>true</uninitialized>
         <run_address>0x2000c674</run_address>
         <size>0x40</size>
         <input_file_ref idref="fl-d"/>
      </object_component>
      <object_component id="oc-f6">
         <name>.bss:pxReadyTasksLists</name>
         <uninitialized>true</uninitialized>
         <run_address>0x2000c610</run_address>
         <size>0x64</size>
         <input_file_ref idref="fl-e"/>
      </object_component>
      <object_component id="oc-4d0">
         <name>.bss:__TI_tmpnams</name>
         <uninitialized>true</uninitialized>
         <run_address>0x2000c570</run_address>
         <size>0xa0</size>
         <input_file_ref idref="fl-152"/>
      </object_component>
      <object_component id="oc-4d7">
         <name>.bss:__CIOBUF_</name>
         <uninitialized>true</uninitialized>
         <run_address>0x2000c350</run_address>
         <size>0x120</size>
         <input_file_ref idref="fl-163"/>
      </object_component>
      <object_component id="oc-196">
         <name>.common:xStart</name>
         <uninitialized>true</uninitialized>
         <run_address>0x2000c760</run_address>
         <size>0x8</size>
      </object_component>
      <object_component id="oc-19c">
         <name>.common:xEnd</name>
         <uninitialized>true</uninitialized>
         <run_address>0x2000c758</run_address>
         <size>0x8</size>
      </object_component>
      <object_component id="oc-24e">
         <name>.common:temp_qc</name>
         <uninitialized>true</uninitialized>
         <run_address>0x2000c77c</run_address>
         <size>0x4</size>
      </object_component>
      <object_component id="oc-251">
         <name>.common:ReportData_Queue</name>
         <uninitialized>true</uninitialized>
         <run_address>0x2000c768</run_address>
         <size>0x4</size>
      </object_component>
      <object_component id="oc-252">
         <name>.common:ADC_report</name>
         <uninitialized>true</uninitialized>
         <run_address>0x2000c740</run_address>
         <size>0x10</size>
      </object_component>
      <object_component id="oc-10a">
         <name>.common:xDelayedTaskList1</name>
         <uninitialized>true</uninitialized>
         <run_address>0x2000c6dc</run_address>
         <size>0x14</size>
      </object_component>
      <object_component id="oc-10b">
         <name>.common:xDelayedTaskList2</name>
         <uninitialized>true</uninitialized>
         <run_address>0x2000c6f0</run_address>
         <size>0x14</size>
      </object_component>
      <object_component id="oc-102">
         <name>.common:pxDelayedTaskList</name>
         <uninitialized>true</uninitialized>
         <run_address>0x2000c770</run_address>
         <size>0x4</size>
      </object_component>
      <object_component id="oc-103">
         <name>.common:pxOverflowDelayedTaskList</name>
         <uninitialized>true</uninitialized>
         <run_address>0x2000c774</run_address>
         <size>0x4</size>
      </object_component>
      <object_component id="oc-101">
         <name>.common:xPendingReadyList</name>
         <uninitialized>true</uninitialized>
         <run_address>0x2000c704</run_address>
         <size>0x14</size>
      </object_component>
      <object_component id="oc-f9">
         <name>.common:xTasksWaitingTermination</name>
         <uninitialized>true</uninitialized>
         <run_address>0x2000c72c</run_address>
         <size>0x14</size>
      </object_component>
      <object_component id="oc-100">
         <name>.common:xSuspendedTaskList</name>
         <uninitialized>true</uninitialized>
         <run_address>0x2000c718</run_address>
         <size>0x14</size>
      </object_component>
      <object_component id="oc-18b">
         <name>.common:xActiveTimerList1</name>
         <uninitialized>true</uninitialized>
         <run_address>0x2000c6b4</run_address>
         <size>0x14</size>
      </object_component>
      <object_component id="oc-18c">
         <name>.common:xActiveTimerList2</name>
         <uninitialized>true</uninitialized>
         <run_address>0x2000c6c8</run_address>
         <size>0x14</size>
      </object_component>
      <object_component id="oc-187">
         <name>.common:pxCurrentTimerList</name>
         <uninitialized>true</uninitialized>
         <run_address>0x2000c76c</run_address>
         <size>0x4</size>
      </object_component>
      <object_component id="oc-18a">
         <name>.common:pxOverflowTimerList</name>
         <uninitialized>true</uninitialized>
         <run_address>0x2000c778</run_address>
         <size>0x4</size>
      </object_component>
      <object_component id="oc-4aa">
         <name>.common:parmbuf</name>
         <uninitialized>true</uninitialized>
         <run_address>0x2000c750</run_address>
         <size>0x8</size>
      </object_component>
      <object_component id="oc-193">
         <name>.data</name>
         <load_address>0x2000dacc</load_address>
         <run_address>0x2000dacc</run_address>
         <size>0x8</size>
         <input_file_ref idref="fl-4"/>
      </object_component>
      <object_component id="oc-8c">
         <name>.data</name>
         <load_address>0x2000da70</load_address>
         <run_address>0x2000da70</run_address>
         <size>0x30</size>
         <input_file_ref idref="fl-e"/>
      </object_component>
      <object_component id="oc-184">
         <name>.data</name>
         <load_address>0x2000daf4</load_address>
         <run_address>0x2000daf4</run_address>
         <size>0x8</size>
         <input_file_ref idref="fl-f"/>
      </object_component>
      <object_component id="oc-99">
         <name>.data</name>
         <load_address>0x2000dad4</load_address>
         <run_address>0x2000dad4</run_address>
         <size>0x8</size>
         <input_file_ref idref="fl-10"/>
      </object_component>
      <object_component id="oc-1e0">
         <name>.data</name>
         <load_address>0x2000daa0</load_address>
         <run_address>0x2000daa0</run_address>
         <size>0x10</size>
         <input_file_ref idref="fl-12"/>
      </object_component>
      <object_component id="oc-2cb">
         <name>.data</name>
         <load_address>0x2000dafc</load_address>
         <run_address>0x2000dafc</run_address>
         <size>0x5</size>
         <input_file_ref idref="fl-13"/>
      </object_component>
      <object_component id="oc-d6">
         <name>.data</name>
         <load_address>0x2000dae4</load_address>
         <run_address>0x2000dae4</run_address>
         <size>0x8</size>
         <input_file_ref idref="fl-13e"/>
      </object_component>
      <object_component id="oc-81">
         <name>.data</name>
         <load_address>0x2000db0c</load_address>
         <run_address>0x2000db0c</run_address>
         <size>0x4</size>
         <input_file_ref idref="fl-148"/>
      </object_component>
      <object_component id="oc-d3">
         <name>.data</name>
         <load_address>0x2000dadc</load_address>
         <run_address>0x2000dadc</run_address>
         <size>0x8</size>
         <input_file_ref idref="fl-14b"/>
      </object_component>
      <object_component id="oc-304">
         <name>.data:_ftable</name>
         <load_address>0x2000d780</load_address>
         <run_address>0x2000d780</run_address>
         <size>0xf0</size>
         <input_file_ref idref="fl-152"/>
      </object_component>
      <object_component id="oc-3da">
         <name>.data</name>
         <load_address>0x2000dab0</load_address>
         <run_address>0x2000dab0</run_address>
         <size>0x10</size>
         <input_file_ref idref="fl-152"/>
      </object_component>
      <object_component id="oc-3eb">
         <name>.data</name>
         <load_address>0x2000d870</load_address>
         <run_address>0x2000d870</run_address>
         <size>0xd0</size>
         <input_file_ref idref="fl-15a"/>
      </object_component>
      <object_component id="oc-46d">
         <name>.data</name>
         <load_address>0x2000d9f0</load_address>
         <run_address>0x2000d9f0</run_address>
         <size>0x80</size>
         <input_file_ref idref="fl-169"/>
      </object_component>
      <object_component id="oc-478">
         <name>.data</name>
         <load_address>0x2000db04</load_address>
         <run_address>0x2000db04</run_address>
         <size>0x4</size>
         <input_file_ref idref="fl-16b"/>
      </object_component>
      <object_component id="oc-4c6">
         <name>.data</name>
         <load_address>0x2000daec</load_address>
         <run_address>0x2000daec</run_address>
         <size>0x8</size>
         <input_file_ref idref="fl-16c"/>
      </object_component>
      <object_component id="oc-4fd">
         <name>.data:sigtable</name>
         <load_address>0x2000d940</load_address>
         <run_address>0x2000d940</run_address>
         <size>0xb0</size>
         <input_file_ref idref="fl-171"/>
      </object_component>
      <object_component id="oc-495">
         <name>.data</name>
         <load_address>0x2000db08</load_address>
         <run_address>0x2000db08</run_address>
         <size>0x4</size>
         <input_file_ref idref="fl-174"/>
      </object_component>
      <object_component id="oc-48b">
         <name>.data</name>
         <load_address>0x2000dac0</load_address>
         <run_address>0x2000dac0</run_address>
         <size>0xc</size>
         <input_file_ref idref="fl-175"/>
      </object_component>
      <object_component id="oc-125">
         <name>.debug_info</name>
         <load_address>0x0</load_address>
         <run_address>0x0</run_address>
         <size>0x352</size>
         <input_file_ref idref="fl-2"/>
      </object_component>
      <object_component id="oc-cc">
         <name>.debug_info</name>
         <load_address>0x352</load_address>
         <run_address>0x352</run_address>
         <size>0x1fe</size>
         <input_file_ref idref="fl-2"/>
      </object_component>
      <object_component id="oc-10d">
         <name>.debug_info</name>
         <load_address>0x550</load_address>
         <run_address>0x550</run_address>
         <size>0x2ef</size>
         <input_file_ref idref="fl-2"/>
      </object_component>
      <object_component id="oc-aa">
         <name>.debug_info</name>
         <load_address>0x83f</load_address>
         <run_address>0x83f</run_address>
         <size>0x84</size>
         <input_file_ref idref="fl-2"/>
      </object_component>
      <object_component id="oc-9e">
         <name>.debug_info</name>
         <load_address>0x8c3</load_address>
         <run_address>0x8c3</run_address>
         <size>0x2c</size>
         <input_file_ref idref="fl-2"/>
      </object_component>
      <object_component id="oc-112">
         <name>.debug_info</name>
         <load_address>0x8ef</load_address>
         <run_address>0x8ef</run_address>
         <size>0x18b</size>
         <input_file_ref idref="fl-2"/>
      </object_component>
      <object_component id="oc-a3">
         <name>.debug_info</name>
         <load_address>0xa7a</load_address>
         <run_address>0xa7a</run_address>
         <size>0xae</size>
         <input_file_ref idref="fl-2"/>
      </object_component>
      <object_component id="oc-2d5">
         <name>.debug_info</name>
         <load_address>0xb28</load_address>
         <run_address>0xb28</run_address>
         <size>0x4e</size>
         <input_file_ref idref="fl-2"/>
      </object_component>
      <object_component id="oc-120">
         <name>.debug_info</name>
         <load_address>0xb76</load_address>
         <run_address>0xb76</run_address>
         <size>0x14c</size>
         <input_file_ref idref="fl-2"/>
      </object_component>
      <object_component id="oc-43">
         <name>.debug_info</name>
         <load_address>0xcc2</load_address>
         <run_address>0xcc2</run_address>
         <size>0x186</size>
         <input_file_ref idref="fl-3"/>
      </object_component>
      <object_component id="oc-2e">
         <name>.debug_info</name>
         <load_address>0xe48</load_address>
         <run_address>0xe48</run_address>
         <size>0xef</size>
         <input_file_ref idref="fl-3"/>
      </object_component>
      <object_component id="oc-10">
         <name>.debug_info</name>
         <load_address>0xf37</load_address>
         <run_address>0xf37</run_address>
         <size>0xf8</size>
         <input_file_ref idref="fl-3"/>
      </object_component>
      <object_component id="oc-31">
         <name>.debug_info</name>
         <load_address>0x102f</load_address>
         <run_address>0x102f</run_address>
         <size>0x284</size>
         <input_file_ref idref="fl-3"/>
      </object_component>
      <object_component id="oc-197">
         <name>.debug_info</name>
         <load_address>0x12b3</load_address>
         <run_address>0x12b3</run_address>
         <size>0x203</size>
         <input_file_ref idref="fl-4"/>
      </object_component>
      <object_component id="oc-19a">
         <name>.debug_info</name>
         <load_address>0x14b6</load_address>
         <run_address>0x14b6</run_address>
         <size>0xd5</size>
         <input_file_ref idref="fl-4"/>
      </object_component>
      <object_component id="oc-19e">
         <name>.debug_info</name>
         <load_address>0x158b</load_address>
         <run_address>0x158b</run_address>
         <size>0xe9</size>
         <input_file_ref idref="fl-4"/>
      </object_component>
      <object_component id="oc-194">
         <name>.debug_info</name>
         <load_address>0x1674</load_address>
         <run_address>0x1674</run_address>
         <size>0xf1</size>
         <input_file_ref idref="fl-4"/>
      </object_component>
      <object_component id="oc-105">
         <name>.debug_info</name>
         <load_address>0x1765</load_address>
         <run_address>0x1765</run_address>
         <size>0x483</size>
         <input_file_ref idref="fl-4"/>
      </object_component>
      <object_component id="oc-170">
         <name>.debug_info</name>
         <load_address>0x1be8</load_address>
         <run_address>0x1be8</run_address>
         <size>0x110</size>
         <input_file_ref idref="fl-4"/>
      </object_component>
      <object_component id="oc-27a">
         <name>.debug_info</name>
         <load_address>0x1cf8</load_address>
         <run_address>0x1cf8</run_address>
         <size>0xa7</size>
         <input_file_ref idref="fl-4"/>
      </object_component>
      <object_component id="oc-1fd">
         <name>.debug_info</name>
         <load_address>0x1d9f</load_address>
         <run_address>0x1d9f</run_address>
         <size>0x282</size>
         <input_file_ref idref="fl-5"/>
      </object_component>
      <object_component id="oc-13b">
         <name>.debug_info</name>
         <load_address>0x2021</load_address>
         <run_address>0x2021</run_address>
         <size>0x21a</size>
         <input_file_ref idref="fl-5"/>
      </object_component>
      <object_component id="oc-25a">
         <name>.debug_info</name>
         <load_address>0x223b</load_address>
         <run_address>0x223b</run_address>
         <size>0x259</size>
         <input_file_ref idref="fl-6"/>
      </object_component>
      <object_component id="oc-14d">
         <name>.debug_info</name>
         <load_address>0x2494</load_address>
         <run_address>0x2494</run_address>
         <size>0x286</size>
         <input_file_ref idref="fl-6"/>
      </object_component>
      <object_component id="oc-25c">
         <name>.debug_info</name>
         <load_address>0x271a</load_address>
         <run_address>0x271a</run_address>
         <size>0x1df</size>
         <input_file_ref idref="fl-7"/>
      </object_component>
      <object_component id="oc-153">
         <name>.debug_info</name>
         <load_address>0x28f9</load_address>
         <run_address>0x28f9</run_address>
         <size>0x1ea</size>
         <input_file_ref idref="fl-7"/>
      </object_component>
      <object_component id="oc-25d">
         <name>.debug_info</name>
         <load_address>0x2ae3</load_address>
         <run_address>0x2ae3</run_address>
         <size>0x8a</size>
         <input_file_ref idref="fl-7"/>
      </object_component>
      <object_component id="oc-26c">
         <name>.debug_info</name>
         <load_address>0x2b6d</load_address>
         <run_address>0x2b6d</run_address>
         <size>0x46</size>
         <input_file_ref idref="fl-7"/>
      </object_component>
      <object_component id="oc-1ff">
         <name>.debug_info</name>
         <load_address>0x2bb3</load_address>
         <run_address>0x2bb3</run_address>
         <size>0x166</size>
         <input_file_ref idref="fl-8"/>
      </object_component>
      <object_component id="oc-141">
         <name>.debug_info</name>
         <load_address>0x2d19</load_address>
         <run_address>0x2d19</run_address>
         <size>0x193</size>
         <input_file_ref idref="fl-8"/>
      </object_component>
      <object_component id="oc-24f">
         <name>.debug_info</name>
         <load_address>0x2eac</load_address>
         <run_address>0x2eac</run_address>
         <size>0x536</size>
         <input_file_ref idref="fl-9"/>
      </object_component>
      <object_component id="oc-147">
         <name>.debug_info</name>
         <load_address>0x33e2</load_address>
         <run_address>0x33e2</run_address>
         <size>0x3bf</size>
         <input_file_ref idref="fl-9"/>
      </object_component>
      <object_component id="oc-254">
         <name>.debug_info</name>
         <load_address>0x37a1</load_address>
         <run_address>0x37a1</run_address>
         <size>0x8b</size>
         <input_file_ref idref="fl-9"/>
      </object_component>
      <object_component id="oc-265">
         <name>.debug_info</name>
         <load_address>0x382c</load_address>
         <run_address>0x382c</run_address>
         <size>0x474</size>
         <input_file_ref idref="fl-b"/>
      </object_component>
      <object_component id="oc-311">
         <name>.debug_info</name>
         <load_address>0x3ca0</load_address>
         <run_address>0x3ca0</run_address>
         <size>0x39</size>
         <input_file_ref idref="fl-b"/>
      </object_component>
      <object_component id="oc-175">
         <name>.debug_info</name>
         <load_address>0x3cd9</load_address>
         <run_address>0x3cd9</run_address>
         <size>0x46</size>
         <input_file_ref idref="fl-b"/>
      </object_component>
      <object_component id="oc-316">
         <name>.debug_info</name>
         <load_address>0x3d1f</load_address>
         <run_address>0x3d1f</run_address>
         <size>0x84</size>
         <input_file_ref idref="fl-b"/>
      </object_component>
      <object_component id="oc-17b">
         <name>.debug_info</name>
         <load_address>0x3da3</load_address>
         <run_address>0x3da3</run_address>
         <size>0x183</size>
         <input_file_ref idref="fl-c"/>
      </object_component>
      <object_component id="oc-f1">
         <name>.debug_info</name>
         <load_address>0x3f26</load_address>
         <run_address>0x3f26</run_address>
         <size>0x80c</size>
         <input_file_ref idref="fl-c"/>
      </object_component>
      <object_component id="oc-271">
         <name>.debug_info</name>
         <load_address>0x4732</load_address>
         <run_address>0x4732</run_address>
         <size>0x669</size>
         <input_file_ref idref="fl-d"/>
      </object_component>
      <object_component id="oc-269">
         <name>.debug_info</name>
         <load_address>0x4d9b</load_address>
         <run_address>0x4d9b</run_address>
         <size>0x13e</size>
         <input_file_ref idref="fl-d"/>
      </object_component>
      <object_component id="oc-17f">
         <name>.debug_info</name>
         <load_address>0x4ed9</load_address>
         <run_address>0x4ed9</run_address>
         <size>0x3a11</size>
         <input_file_ref idref="fl-d"/>
      </object_component>
      <object_component id="oc-31f">
         <name>.debug_info</name>
         <load_address>0x88ea</load_address>
         <run_address>0x88ea</run_address>
         <size>0x1db</size>
         <input_file_ref idref="fl-d"/>
      </object_component>
      <object_component id="oc-ec">
         <name>.debug_info</name>
         <load_address>0x8ac5</load_address>
         <run_address>0x8ac5</run_address>
         <size>0x765</size>
         <input_file_ref idref="fl-e"/>
      </object_component>
      <object_component id="oc-8d">
         <name>.debug_info</name>
         <load_address>0x922a</load_address>
         <run_address>0x922a</run_address>
         <size>0x347</size>
         <input_file_ref idref="fl-e"/>
      </object_component>
      <object_component id="oc-f7">
         <name>.debug_info</name>
         <load_address>0x9571</load_address>
         <run_address>0x9571</run_address>
         <size>0x143</size>
         <input_file_ref idref="fl-e"/>
      </object_component>
      <object_component id="oc-93">
         <name>.debug_info</name>
         <load_address>0x96b4</load_address>
         <run_address>0x96b4</run_address>
         <size>0x640d</size>
         <input_file_ref idref="fl-e"/>
      </object_component>
      <object_component id="oc-117">
         <name>.debug_info</name>
         <load_address>0xfac1</load_address>
         <run_address>0xfac1</run_address>
         <size>0x177</size>
         <input_file_ref idref="fl-e"/>
      </object_component>
      <object_component id="oc-188">
         <name>.debug_info</name>
         <load_address>0xfc38</load_address>
         <run_address>0xfc38</run_address>
         <size>0x75e</size>
         <input_file_ref idref="fl-f"/>
      </object_component>
      <object_component id="oc-185">
         <name>.debug_info</name>
         <load_address>0x10396</load_address>
         <run_address>0x10396</run_address>
         <size>0x138</size>
         <input_file_ref idref="fl-f"/>
      </object_component>
      <object_component id="oc-fb">
         <name>.debug_info</name>
         <load_address>0x104ce</load_address>
         <run_address>0x104ce</run_address>
         <size>0x210f</size>
         <input_file_ref idref="fl-f"/>
      </object_component>
      <object_component id="oc-18e">
         <name>.debug_info</name>
         <load_address>0x125dd</load_address>
         <run_address>0x125dd</run_address>
         <size>0x1dc</size>
         <input_file_ref idref="fl-f"/>
      </object_component>
      <object_component id="oc-9d">
         <name>.debug_info</name>
         <load_address>0x127b9</load_address>
         <run_address>0x127b9</run_address>
         <size>0x259</size>
         <input_file_ref idref="fl-10"/>
      </object_component>
      <object_component id="oc-90">
         <name>.debug_info</name>
         <load_address>0x12a12</load_address>
         <run_address>0x12a12</run_address>
         <size>0x171</size>
         <input_file_ref idref="fl-10"/>
      </object_component>
      <object_component id="oc-9a">
         <name>.debug_info</name>
         <load_address>0x12b83</load_address>
         <run_address>0x12b83</run_address>
         <size>0x18c</size>
         <input_file_ref idref="fl-10"/>
      </object_component>
      <object_component id="oc-3c">
         <name>.debug_info</name>
         <load_address>0x12d0f</load_address>
         <run_address>0x12d0f</run_address>
         <size>0xbed</size>
         <input_file_ref idref="fl-10"/>
      </object_component>
      <object_component id="oc-37">
         <name>.debug_info</name>
         <load_address>0x138fc</load_address>
         <run_address>0x138fc</run_address>
         <size>0x2b9</size>
         <input_file_ref idref="fl-11"/>
      </object_component>
      <object_component id="oc-1e1">
         <name>.debug_info</name>
         <load_address>0x13bb5</load_address>
         <run_address>0x13bb5</run_address>
         <size>0x19a</size>
         <input_file_ref idref="fl-12"/>
      </object_component>
      <object_component id="oc-135">
         <name>.debug_info</name>
         <load_address>0x13d4f</load_address>
         <run_address>0x13d4f</run_address>
         <size>0x353</size>
         <input_file_ref idref="fl-12"/>
      </object_component>
      <object_component id="oc-2d4">
         <name>.debug_info</name>
         <load_address>0x140a2</load_address>
         <run_address>0x140a2</run_address>
         <size>0x24d</size>
         <input_file_ref idref="fl-13"/>
      </object_component>
      <object_component id="oc-2cc">
         <name>.debug_info</name>
         <load_address>0x142ef</load_address>
         <run_address>0x142ef</run_address>
         <size>0xea</size>
         <input_file_ref idref="fl-13"/>
      </object_component>
      <object_component id="oc-2c9">
         <name>.debug_info</name>
         <load_address>0x143d9</load_address>
         <run_address>0x143d9</run_address>
         <size>0x140</size>
         <input_file_ref idref="fl-13"/>
      </object_component>
      <object_component id="oc-1db">
         <name>.debug_info</name>
         <load_address>0x14519</load_address>
         <run_address>0x14519</run_address>
         <size>0x7f3</size>
         <input_file_ref idref="fl-13"/>
      </object_component>
      <object_component id="oc-27">
         <name>.debug_info</name>
         <load_address>0x14d0c</load_address>
         <run_address>0x14d0c</run_address>
         <size>0x138</size>
         <input_file_ref idref="fl-13a"/>
      </object_component>
      <object_component id="oc-4f">
         <name>.debug_info</name>
         <load_address>0x14e44</load_address>
         <run_address>0x14e44</run_address>
         <size>0x123</size>
         <input_file_ref idref="fl-13b"/>
      </object_component>
      <object_component id="oc-15">
         <name>.debug_info</name>
         <load_address>0x14f67</load_address>
         <run_address>0x14f67</run_address>
         <size>0x1c2</size>
         <input_file_ref idref="fl-13b"/>
      </object_component>
      <object_component id="oc-4a">
         <name>.debug_info</name>
         <load_address>0x15129</load_address>
         <run_address>0x15129</run_address>
         <size>0x46</size>
         <input_file_ref idref="fl-13b"/>
      </object_component>
      <object_component id="oc-b0">
         <name>.debug_info</name>
         <load_address>0x1516f</load_address>
         <run_address>0x1516f</run_address>
         <size>0x2c</size>
         <input_file_ref idref="fl-13b"/>
      </object_component>
      <object_component id="oc-57">
         <name>.debug_info</name>
         <load_address>0x1519b</load_address>
         <run_address>0x1519b</run_address>
         <size>0x117</size>
         <input_file_ref idref="fl-13c"/>
      </object_component>
[...]
      </symbol>
      <symbol id="sm-6ef">
         <name>_lock</name>
         <value>0x2000dadc</value>
         <object_component_ref idref="oc-d3"/>
      </symbol>
      <symbol id="sm-6f0">
         <name>_unlock</name>
         <value>0x2000dae0</value>
         <object_component_ref idref="oc-d3"/>
      </symbol>
      <symbol id="sm-6f1">
         <name>_register_lock</name>
         <value>0x6f2b</value>
         <object_component_ref idref="oc-160"/>
      </symbol>
      <symbol id="sm-6f2">
         <name>_register_unlock</name>
         <value>0x6f25</value>
         <object_component_ref idref="oc-160"/>
      </symbol>
      <symbol id="sm-7fc">
         <name>__TI_printfi</name>
         <value>0x2785</value>
         <object_component_ref idref="oc-2fe"/>
      </symbol>
      <symbol id="sm-811">
         <name>_args_main</name>
         <value>0x6eb5</value>
         <object_component_ref idref="oc-75"/>
      </symbol>
      <symbol id="sm-827">
         <name>atoi</name>
         <value>0x685d</value>
         <object_component_ref idref="oc-3a9"/>
      </symbol>
      <symbol id="sm-84d">
         <name>__TI_auto_init</name>
         <value>0x650d</value>
         <object_component_ref idref="oc-6f"/>
      </symbol>
      <symbol id="sm-867">
         <name>copy_in</name>
         <value>0x68a9</value>
         <object_component_ref idref="oc-c3"/>
      </symbol>
      <symbol id="sm-872">
         <name>_ctypes_</name>
         <value>0x7110</value>
         <object_component_ref idref="oc-421"/>
      </symbol>
      <symbol id="sm-88b">
         <name>__aeabi_stdout</name>
         <value>0x2000dab8</value>
         <object_component_ref idref="oc-3da"/>
      </symbol>
      <symbol id="sm-88c">
         <name>__TI_tmpnams</name>
         <value>0x2000c570</value>
         <object_component_ref idref="oc-4d0"/>
      </symbol>
      <symbol id="sm-88d">
         <name>__aeabi_stderr</name>
         <value>0x2000dabc</value>
         <object_component_ref idref="oc-3da"/>
      </symbol>
      <symbol id="sm-88e">
         <name>__aeabi_stdin</name>
         <value>0x2000dab4</value>
         <object_component_ref idref="oc-3da"/>
      </symbol>
      <symbol id="sm-88f">
         <name>_ftable</name>
         <value>0x2000d780</value>
         <object_component_ref idref="oc-304"/>
      </symbol>
      <symbol id="sm-890">
         <name>__TI_ft_end</name>
         <value>0x2000dab0</value>
         <object_component_ref idref="oc-3da"/>
      </symbol>
      <symbol id="sm-8b7">
         <name>__aeabi_cdcmpeq</name>
         <value>0x6211</value>
         <object_component_ref idref="oc-371"/>
      </symbol>
      <symbol id="sm-8b8">
         <name>__aeabi_cdcmple</name>
         <value>0x6211</value>
         <object_component_ref idref="oc-371"/>
      </symbol>
      <symbol id="sm-8b9">
         <name>__aeabi_cdrcmple</name>
         <value>0x6297</value>
         <object_component_ref idref="oc-376"/>
      </symbol>
      <symbol id="sm-8c7">
         <name>__aeabi_d2iz</name>
         <value>0x6a19</value>
         <object_component_ref idref="oc-37b"/>
      </symbol>
      <symbol id="sm-8de">
         <name>putc</name>
         <value>0x6179</value>
         <object_component_ref idref="oc-2f2"/>
      </symbol>
      <symbol id="sm-8df">
         <name>fputc</name>
         <value>0x6179</value>
         <object_component_ref idref="oc-2f2"/>
      </symbol>
      <symbol id="sm-8e0">
         <name>putchar</name>
         <value>0x61fd</value>
         <object_component_ref idref="oc-2f2"/>
      </symbol>
      <symbol id="sm-902">
         <name>puts</name>
         <value>0x561d</value>
         <object_component_ref idref="oc-2f8"/>
      </symbol>
      <symbol id="sm-903">
         <name>fputs</name>
         <value>0x5511</value>
         <object_component_ref idref="oc-2f8"/>
      </symbol>
      <symbol id="sm-910">
         <name>frexp</name>
         <value>0x6dc1</value>
         <object_component_ref idref="oc-38b"/>
      </symbol>
      <symbol id="sm-91c">
         <name>__aeabi_i2d</name>
         <value>0x6d3b</value>
         <object_component_ref idref="oc-386"/>
      </symbol>
      <symbol id="sm-92d">
         <name>ldexp</name>
         <value>0x676f</value>
         <object_component_ref idref="oc-391"/>
      </symbol>
      <symbol id="sm-97f">
         <name>open</name>
         <value>0x4383</value>
         <object_component_ref idref="oc-356"/>
      </symbol>
      <symbol id="sm-980">
         <name>add_device</name>
         <value>0x44a5</value>
         <object_component_ref idref="oc-356"/>
      </symbol>
      <symbol id="sm-981">
         <name>remove_device</name>
         <value>0x4337</value>
         <object_component_ref idref="oc-356"/>
      </symbol>
      <symbol id="sm-982">
         <name>lseek</name>
         <value>0x4431</value>
         <object_component_ref idref="oc-356"/>
      </symbol>
      <symbol id="sm-983">
         <name>read</name>
         <value>0x435f</value>
         <object_component_ref idref="oc-356"/>
      </symbol>
      <symbol id="sm-984">
         <name>rename</name>
         <value>0x42f9</value>
         <object_component_ref idref="oc-356"/>
      </symbol>
      <symbol id="sm-985">
         <name>write</name>
         <value>0x4245</value>
         <object_component_ref idref="oc-356"/>
      </symbol>
      <symbol id="sm-986">
         <name>close</name>
         <value>0x4455</value>
         <object_component_ref idref="oc-356"/>
      </symbol>
      <symbol id="sm-987">
         <name>unlink</name>
         <value>0x42d5</value>
         <object_component_ref idref="oc-356"/>
      </symbol>
      <symbol id="sm-996">
         <name>ltoa</name>
         <value>0x6719</value>
         <object_component_ref idref="oc-380"/>
      </symbol>
      <symbol id="sm-9a6">
         <name>memccpy</name>
         <value>0x6e81</value>
         <object_component_ref idref="oc-3a3"/>
      </symbol>
      <symbol id="sm-9b6">
         <name>memchr</name>
         <value>0x6deb</value>
         <object_component_ref idref="oc-364"/>
      </symbol>
      <symbol id="sm-9c6">
         <name>strchr</name>
         <value>0x6efb</value>
         <object_component_ref idref="oc-397"/>
      </symbol>
      <symbol id="sm-9d5">
         <name>strcmp</name>
         <value>0x6ecd</value>
         <object_component_ref idref="oc-3df"/>
      </symbol>
      <symbol id="sm-9e3">
         <name>strlen</name>
         <value>0x6f4d</value>
         <object_component_ref idref="oc-35e"/>
      </symbol>
      <symbol id="sm-9f3">
         <name>strncpy</name>
         <value>0x6c7d</value>
         <object_component_ref idref="oc-3e5"/>
      </symbol>
      <symbol id="sm-a14">
         <name>HOSTgetenv</name>
         <value>0x4767</value>
         <object_component_ref idref="oc-44e"/>
      </symbol>
      <symbol id="sm-a15">
         <name>HOSTrename</name>
         <value>0x460f</value>
         <object_component_ref idref="oc-44e"/>
      </symbol>
      <symbol id="sm-a16">
         <name>HOSTclose</name>
         <value>0x47a5</value>
         <object_component_ref idref="oc-44e"/>
      </symbol>
      <symbol id="sm-a17">
         <name>HOSTunlink</name>
         <value>0x459d</value>
         <object_component_ref idref="oc-44e"/>
      </symbol>
      <symbol id="sm-a18">
         <name>HOSTlseek</name>
         <value>0x470b</value>
         <object_component_ref idref="oc-44e"/>
      </symbol>
      <symbol id="sm-a19">
         <name>HOSTopen</name>
         <value>0x46b9</value>
         <object_component_ref idref="oc-44e"/>
      </symbol>
      <symbol id="sm-a1a">
         <name>HOSTclock</name>
         <value>0x47dd</value>
         <object_component_ref idref="oc-44e"/>
      </symbol>
      <symbol id="sm-a1b">
         <name>HOSTwrite</name>
         <value>0x4551</value>
         <object_component_ref idref="oc-44e"/>
      </symbol>
      <symbol id="sm-a1c">
         <name>HOSTread</name>
         <value>0x466d</value>
         <object_component_ref idref="oc-44e"/>
      </symbol>
      <symbol id="sm-a1d">
         <name>HOSTtime</name>
         <value>0x45d5</value>
         <object_component_ref idref="oc-44e"/>
      </symbol>
      <symbol id="sm-a38">
         <name>__TI_readmsg</name>
         <value>0x6617</value>
         <object_component_ref idref="oc-49e"/>
      </symbol>
      <symbol id="sm-a39">
         <name>C$$IO$$</name>
         <value>0x6613</value>
         <object_component_ref idref="oc-49e"/>
      </symbol>
      <symbol id="sm-a3a">
         <name>__CIOBUF_</name>
         <value>0x2000c350</value>
         <object_component_ref idref="oc-4d7"/>
      </symbol>
      <symbol id="sm-a3b">
         <name>__TI_writemsg</name>
         <value>0x65e5</value>
         <object_component_ref idref="oc-49e"/>
      </symbol>
      <symbol id="sm-a65">
         <name>__aeabi_uldivmod</name>
         <value>0x4a21</value>
         <object_component_ref idref="oc-36c"/>
      </symbol>
      <symbol id="sm-a73">
         <name>_Dclass</name>
         <value>0x6cad</value>
         <object_component_ref idref="oc-39d"/>
      </symbol>
      <symbol id="sm-a94">
         <name>_Dscale</name>
         <value>0x58a1</value>
         <object_component_ref idref="oc-40d"/>
      </symbol>
      <symbol id="sm-aa8">
         <name>_Dunscale</name>
         <value>0x664d</value>
         <object_component_ref idref="oc-405"/>
      </symbol>
      <symbol id="sm-ab7">
         <name>_Feraise</name>
         <value>0x6cdd</value>
         <object_component_ref idref="oc-413"/>
      </symbol>
      <symbol id="sm-ac7">
         <name>_Rteps</name>
         <value>0x2000da50</value>
         <object_component_ref idref="oc-46d"/>
      </symbol>
      <symbol id="sm-ac8">
         <name>_Zero</name>
         <value>0x2000da68</value>
         <object_component_ref idref="oc-46d"/>
      </symbol>
      <symbol id="sm-ac9">
         <name>_Hugeval</name>
         <value>0x2000da10</value>
         <object_component_ref idref="oc-46d"/>
      </symbol>
      <symbol id="sm-aca">
         <name>_Snan</name>
         <value>0x2000da40</value>
         <object_component_ref idref="oc-46d"/>
      </symbol>
      <symbol id="sm-acb">
         <name>_Nan</name>
         <value>0x2000da30</value>
         <object_component_ref idref="oc-46d"/>
      </symbol>
      <symbol id="sm-acc">
         <name>_Inf</name>
         <value>0x2000da20</value>
         <object_component_ref idref="oc-46d"/>
      </symbol>
      <symbol id="sm-acd">
         <name>_Xbig</name>
         <value>0x2000da60</value>
         <object_component_ref idref="oc-46d"/>
      </symbol>
      <symbol id="sm-ace">
         <name>_Eps</name>
         <value>0x2000da00</value>
         <object_component_ref idref="oc-46d"/>
      </symbol>
      <symbol id="sm-acf">
         <name>_Denorm</name>
         <value>0x2000d9f0</value>
         <object_component_ref idref="oc-46d"/>
      </symbol>
      <symbol id="sm-aed">
         <name>__TI_wrt_ok</name>
         <value>0x5f99</value>
         <object_component_ref idref="oc-34a"/>
      </symbol>
      <symbol id="sm-aee">
         <name>__TI_rd_ok</name>
         <value>0x5ffb</value>
         <object_component_ref idref="oc-34a"/>
      </symbol>
      <symbol id="sm-af6">
         <name>_Errno</name>
         <value>0x2000db04</value>
         <object_component_ref idref="oc-478"/>
      </symbol>
      <symbol id="sm-b14">
         <name>feraiseexcept</name>
         <value>0x6c49</value>
         <object_component_ref idref="oc-472"/>
      </symbol>
      <symbol id="sm-b15">
         <name>_Tls_setup__Fenv</name>
         <value>0x2000daf0</value>
         <object_component_ref idref="oc-4c6"/>
      </symbol>
      <symbol id="sm-b16">
         <name>_Fenv</name>
         <value>0x2000daec</value>
         <object_component_ref idref="oc-4c6"/>
      </symbol>
      <symbol id="sm-b30">
         <name>__TI_doflush</name>
         <value>0x5d55</value>
         <object_component_ref idref="oc-350"/>
      </symbol>
      <symbol id="sm-b31">
         <name>fflush</name>
         <value>0x5da1</value>
         <object_component_ref idref="oc-350"/>
      </symbol>
      <symbol id="sm-b43">
         <name>fseek</name>
         <value>0x66b5</value>
         <object_component_ref idref="oc-3cc"/>
      </symbol>
      <symbol id="sm-b57">
         <name>raise</name>
         <value>0x6d69</value>
         <object_component_ref idref="oc-4c0"/>
      </symbol>
      <symbol id="sm-b73">
         <name>setvbuf</name>
         <value>0x5ba5</value>
         <object_component_ref idref="oc-3d2"/>
      </symbol>
      <symbol id="sm-b8d">
         <name>signal</name>
         <value>0x6b29</value>
         <object_component_ref idref="oc-4e2"/>
      </symbol>
      <symbol id="sm-b9b">
         <name>strcpy</name>
         <value>0x6f39</value>
         <object_component_ref idref="oc-4a4"/>
      </symbol>
      <symbol id="sm-bb0">
         <name>_Dnorm</name>
         <value>0x5e1d</value>
         <object_component_ref idref="oc-463"/>
      </symbol>
      <symbol id="sm-be7">
         <name>__TI_cleanup</name>
         <value>0x4cdd</value>
         <object_component_ref idref="oc-437"/>
      </symbol>
      <symbol id="sm-be8">
         <name>freopen</name>
         <value>0x4d09</value>
         <object_component_ref idref="oc-437"/>
      </symbol>
      <symbol id="sm-be9">
         <name>fopen</name>
         <value>0x4d33</value>
         <object_component_ref idref="oc-437"/>
      </symbol>
      <symbol id="sm-c5b">
         <name>_sys_memory</name>
         <value>0x2000cf80</value>
         <object_component_ref idref="oc-2a"/>
      </symbol>
      <symbol id="sm-c5c">
         <name>free</name>
         <value>0x3f5f</value>
         <object_component_ref idref="oc-431"/>
      </symbol>
      <symbol id="sm-c5d">
         <name>realloc</name>
         <value>0x4021</value>
         <object_component_ref idref="oc-431"/>
      </symbol>
      <symbol id="sm-c5e">
         <name>memalign</name>
         <value>0x412d</value>
         <object_component_ref idref="oc-431"/>
      </symbol>
      <symbol id="sm-c5f">
         <name>calloc</name>
         <value>0x4211</value>
         <object_component_ref idref="oc-431"/>
      </symbol>
      <symbol id="sm-c60">
         <name>malloc</name>
         <value>0x3ef7</value>
         <object_component_ref idref="oc-431"/>
      </symbol>
      <symbol id="sm-c61">
         <name>minit</name>
         <value>0x3e69</value>
         <object_component_ref idref="oc-431"/>
      </symbol>
      <symbol id="sm-c77">
         <name>__TI_closefile</name>
         <value>0x60e1</value>
         <object_component_ref idref="oc-48f"/>
      </symbol>
      <symbol id="sm-c78">
         <name>fclose</name>
         <value>0x6147</value>
         <object_component_ref idref="oc-48f"/>
      </symbol>
      <symbol id="sm-cc4">
         <name>UARTConfigSetExpClk</name>
         <value>0x6ae7</value>
         <object_component_ref idref="oc-1c8"/>
      </symbol>
      <symbol id="sm-cc5">
         <name>UARTDisable</name>
         <value>0x6e49</value>
         <object_component_ref idref="oc-2b3"/>
      </symbol>
      <symbol id="sm-cc6">
         <name>UARTClockSourceSet</name>
         <value>0x6fdf</value>
         <object_component_ref idref="oc-1c2"/>
      </symbol>
      <symbol id="sm-cc7">
         <name>UARTCharPut</name>
         <value>0x6fc9</value>
         <object_component_ref idref="oc-1d4"/>
      </symbol>
      <symbol id="sm-cc8">
         <name>UARTEnable</name>
         <value>0x6f11</value>
         <object_component_ref idref="oc-1ce"/>
      </symbol>
      <symbol id="sm-cc9">
         <name>UARTCharGet</name>
         <value>0x6fbf</value>
         <object_component_ref idref="oc-2c2"/>
      </symbol>
      <symbol id="sm-d49">
         <name>SysCtlPeripheralPresent</name>
         <value>0x6c15</value>
         <object_component_ref idref="oc-2bc"/>
      </symbol>
      <symbol id="sm-d4a">
         <name>SysCtlPeripheralEnable</name>
         <value>0x6be1</value>
         <object_component_ref idref="oc-1b0"/>
      </symbol>
      <symbol id="sm-d4b">
         <name>SysCtlClockFreqSet</name>
         <value>0x4825</value>
         <object_component_ref idref="oc-1aa"/>
      </symbol>
      <symbol id="sm-d9c">
         <name>GPIOPinConfigure</name>
         <value>0x6941</value>
         <object_component_ref idref="oc-1b6"/>
      </symbol>
      <symbol id="sm-d9d">
         <name>GPIOPinTypeUART</name>
         <value>0x6f61</value>
         <object_component_ref idref="oc-1bc"/>
      </symbol>
      <symbol id="sm-d9e">
         <name>GPIOPinTypeGPIOOutput</name>
         <value>0x6e9d</value>
         <object_component_ref idref="oc-1e4"/>
      </symbol>
      <symbol id="sm-d9f">
         <name>GPIOPinRead</name>
         <value>0x6fd3</value>
         <object_component_ref idref="oc-1f0"/>
      </symbol>
      <symbol id="sm-da0">
         <name>GPIODirModeSet</name>
         <value>0x6d97</value>
         <object_component_ref idref="oc-2aa"/>
      </symbol>
      <symbol id="sm-da1">
         <name>GPIOPinWrite</name>
         <value>0x6fd9</value>
         <object_component_ref idref="oc-1f6"/>
      </symbol>
      <symbol id="sm-da2">
         <name>GPIOPadConfigSet</name>
         <value>0x5645</value>
         <object_component_ref idref="oc-1ea"/>
      </symbol>
      <symbol id="sm-ded">
         <name>ADCProcessorTrigger</name>
         <value>0x6ee5</value>
         <object_component_ref idref="oc-212"/>
      </symbol>
      <symbol id="sm-dee">
         <name>ADCSequenceEnable</name>
         <value>0x6f73</value>
         <object_component_ref idref="oc-20c"/>
      </symbol>
      <symbol id="sm-def">
         <name>ADCSequenceConfigure</name>
         <value>0x6b69</value>
         <object_component_ref idref="oc-200"/>
      </symbol>
      <symbol id="sm-df0">
         <name>ADCSequenceStepConfigure</name>
         <value>0x63a1</value>
         <object_component_ref idref="oc-206"/>
      </symbol>
      <symbol id="sm-df1">
         <name>ADCIntClear</name>
         <value>0x6fb5</value>
         <object_component_ref idref="oc-224"/>
      </symbol>
      <symbol id="sm-df2">
         <name>ADCIntStatus</name>
         <value>0x6d0d</value>
         <object_component_ref idref="oc-218"/>
      </symbol>
      <symbol id="sm-df3">
         <name>ADCSequenceDataGet</name>
         <value>0x6e2b</value>
         <object_component_ref idref="oc-21e"/>
      </symbol>
      <symbol id="sm-df4">
         <name>__TI_static_base__</name>
         <value>0x0</value>
      </symbol>
      <symbol id="sm-df7">
         <name>SHT$$INIT_ARRAY$$Limit</name>
         <value>0x0</value>
      </symbol>
      <symbol id="sm-df8">
         <name>SHT$$INIT_ARRAY$$Base</name>
         <value>0x0</value>
      </symbol>
      <symbol id="sm-df9">
         <name>remove</name>
         <value>0x42d5</value>
      </symbol>
   </symbol_table>
   <title>Link successful</title>
</link_info>
