******************************************************************************
                  TI ARM Linker PC v5.2.2                      
******************************************************************************
>> Linked Thu Apr 21 16:59:35 2016

OUTPUT FILE NAME:   <FreeRTOS823_3_TM4C1294_Base_Test.out>
ENTRY POINT SYMBOL: "_c_int00"  address: 000067c1


MEMORY CONFIGURATION

         name            origin    length      used     unused   attr    fill
----------------------  --------  ---------  --------  --------  ----  --------
  FLASH                 00000000   00100000  00007452  000f8bae  R  X
  SRAM                  20000000   00040000  0000db10  000324f0  RW X


SEGMENT ALLOCATION MAP

run origin  load origin   length   init length attrs members
----------  ----------- ---------- ----------- ----- -------
00000000    00000000    00007458   00007458    r-x
  00000000    00000000    00000200   00000200    r-- .intvecs
  00000200    00000200    00006dee   00006dee    r-x .text
  00006ff0    00006ff0    0000038c   0000038c    r-- .const
  00007380    00007380    000000d8   000000d8    r-- .cinit
20000000    20000000    0000db10   00000000    rw-
  20000000    20000000    0000c780   00000000    rw- .bss
  2000c780    2000c780    00000800   00000000    rw- .stack
  2000cf80    2000cf80    00000800   00000000    rw- .sysmem
  2000d780    2000d780    00000390   00000000    rw- .data


SECTION ALLOCATION MAP

 output                                  attributes/
section   page    origin      length       input sections
--------  ----  ----------  ----------   ----------------
.intvecs   0    00000000    00000200     
                  00000000    00000200     TM4C_FreeRTOS_Base_Startup.obj (.intvecs)

.text      0    00000200    00006dee     
                  00000200    000017d0     tasks.obj (.text)
                  000019d0    000010ba     rtsv7M4_T_le_v4SPD16_eabi.lib : _printfi.obj (.text)
                  00002a8a    00000002     --HOLE-- [fill = 0]
                  00002a8c    00000a08     queue.obj (.text)
                  00003494    00000538     timers.obj (.text)
                  000039cc    0000049c     uartstdio.obj (.text)
                  00003e68    000003dc     rtsv7M4_T_le_v4SPD16_eabi.lib : memory.obj (.text)
                  00004244    0000030c                                   : lowlev.obj (.text)
                  00004550    000002d4                                   : trgdrv.obj (.text)
                  00004824    000001fc     driverlib.lib : sysctl.obj (.text:SysCtlClockFreqSet)
                  00004a20    000001f4     rtsv7M4_T_le_v4SPD16_eabi.lib : ull_div_t2.obj (.text)
                  00004c14    000001c4                                   : fopen.obj (.text)
                  00004dd8    000001b8     heap_2.obj (.text)
                  00004f90    000001b6     rtsv7M4_T_le_v4SPD16_eabi.lib : fd_add_t2.obj (.text)
                  00005146    00000002     --HOLE-- [fill = 0]
                  00005148    0000015c     Task_Simple_ADC.obj (.text)
                  000052a4    00000136     rtsv7M4_T_le_v4SPD16_eabi.lib : fd_div_t2.obj (.text)
                  000053da    00000002     --HOLE-- [fill = 0]
                  000053dc    00000134     port.obj (.text)
                  00005510    00000134     rtsv7M4_T_le_v4SPD16_eabi.lib : fputs.obj (.text)
                  00005644    00000130     driverlib.lib : gpio.obj (.text:GPIOPadConfigSet)
                  00005774    0000012a     list.obj (.text)
                  0000589e    00000002     --HOLE-- [fill = 0]
                  000058a0    00000110     rtsv7M4_T_le_v4SPD16_eabi.lib : xdscale.obj (.text)
                  000059b0    000000fc                                   : fd_mul_t2.obj (.text)
                  00005aac    000000f8     Main_Base_Test.obj (.text)
                  00005ba4    000000dc     rtsv7M4_T_le_v4SPD16_eabi.lib : setvbuf.obj (.text)
                  00005c80    000000d2     portasm.obj (.text)
                  00005d52    00000002     --HOLE-- [fill = 0]
                  00005d54    000000c8     rtsv7M4_T_le_v4SPD16_eabi.lib : fflush.obj (.text)
                  00005e1c    000000be                                   : xdnorm.obj (.text)
                  00005eda    00000002     --HOLE-- [fill = 0]
                  00005edc    000000bc     Processor_Initialization_TM4C1294.obj (.text)
                  00005f98    000000ac     rtsv7M4_T_le_v4SPD16_eabi.lib : _io_perm.obj (.text)
                  00006044    0000009c                                   : memcpy_t2.obj (.text)
                  000060e0    00000098                                   : fclose.obj (.text)
                  00006178    00000098                                   : fputc.obj (.text)
                  00006210    00000086                                   : fd_cmp_t2.obj (.text:__aeabi_cdcmple)
                  00006296    00000086                                   : fd_cmp_t2.obj (.text:__aeabi_cdrcmple)
                  0000631c    00000084     Task_HeaterOn.obj (.text)
                  000063a0    00000080     driverlib.lib : adc.obj (.text:ADCSequenceStepConfigure)
                  00006420    0000007a     rtsv7M4_T_le_v4SPD16_eabi.lib : memset_t2.obj (.text)
                  0000649a    00000002     --HOLE-- [fill = 0]
                  0000649c    00000070                                   : printf.obj (.text)
                  0000650c    0000006c                                   : autoinit.obj (.text)
                  00006578    0000006a                                   : copy_decompress_rle.obj (.text)
                  000065e2    00000002     --HOLE-- [fill = 0]
                  000065e4    00000068                                   : trgmsg.obj (.text)
                  0000664c    00000066                                   : xdunscal.obj (.text)
                  000066b2    00000002     --HOLE-- [fill = 0]
                  000066b4    00000064                                   : fseek.obj (.text)
                  00006718    00000056                                   : ltoa.obj (.text)
                  0000676e    00000052                                   : ldexp.obj (.text)
                  000067c0    00000050                                   : boot.obj (.text)
                  00006810    0000004c     Task_Blinky.obj (.text)
                  0000685c    0000004c     rtsv7M4_T_le_v4SPD16_eabi.lib : atoi.obj (.text)
                  000068a8    0000004c                                   : cpy_tbl.obj (.text)
                  000068f4    0000004a                                   : fd_tos_t2.obj (.text)
                  0000693e    00000002     --HOLE-- [fill = 0]
                  00006940    00000048     driverlib.lib : gpio.obj (.text:GPIOPinConfigure)
                  00006988    00000048     Task_ReportData.obj (.text)
                  000069d0    00000048     driverlib.lib : sysctl.obj (.text:_SysCtlFrequencyGet)
                  00006a18    00000048     rtsv7M4_T_le_v4SPD16_eabi.lib : fd_toi_t2.obj (.text)
                  00006a60    00000044                                   : exit.obj (.text)
                  00006aa4    00000042                                   : u_divt2.obj (.text)
                  00006ae6    00000040     driverlib.lib : uart.obj (.text:UARTConfigSetExpClk)
                  00006b26    00000002     --HOLE-- [fill = 0]
                  00006b28    00000040     rtsv7M4_T_le_v4SPD16_eabi.lib : signal.obj (.text)
                  00006b68    0000003e     driverlib.lib : adc.obj (.text:ADCSequenceConfigure)
                  00006ba6    00000038     rtsv7M4_T_le_v4SPD16_eabi.lib : fs_tod_t2.obj (.text)
                  00006bde    00000002     --HOLE-- [fill = 0]
                  00006be0    00000034     driverlib.lib : sysctl.obj (.text:SysCtlPeripheralEnable)
                  00006c14    00000034                   : sysctl.obj (.text:SysCtlPeripheralPresent)
                  00006c48    00000034     rtsv7M4_T_le_v4SPD16_eabi.lib : feraiseexcept.obj (.text)
                  00006c7c    00000030                                   : strncpy.obj (.text)
                  00006cac    00000030                                   : xdclass.obj (.text)
                  00006cdc    00000030                                   : xferaise.obj (.text)
                  00006d0c    0000002e     driverlib.lib : adc.obj (.text:ADCIntStatus)
                  00006d3a    0000002e     rtsv7M4_T_le_v4SPD16_eabi.lib : i_tofd_t2.obj (.text)
                  00006d68    0000002e                                   : raise.obj (.text)
                  00006d96    0000002a     driverlib.lib : gpio.obj (.text:GPIODirModeSet)
                  00006dc0    0000002a     rtsv7M4_T_le_v4SPD16_eabi.lib : frexp.obj (.text)
                  00006dea    00000020                                   : memchr.obj (.text)
                  00006e0a    00000020                                   : u_tofd_t2.obj (.text)
                  00006e2a    0000001e     driverlib.lib : adc.obj (.text:ADCSequenceDataGet)
                  00006e48    0000001c                   : uart.obj (.text:UARTDisable)
                  00006e64    0000001c                   : sysctl.obj (.text:_SysCtlMemTimingGet)
                  00006e80    0000001c     rtsv7M4_T_le_v4SPD16_eabi.lib : memccpy.obj (.text)
                  00006e9c    00000018     driverlib.lib : gpio.obj (.text:GPIOPinTypeGPIOOutput)
                  00006eb4    00000018     rtsv7M4_T_le_v4SPD16_eabi.lib : args_main.obj (.text)
                  00006ecc    00000018                                   : strcmp.obj (.text)
                  00006ee4    00000016     driverlib.lib : adc.obj (.text:ADCProcessorTrigger)
                  00006efa    00000016     rtsv7M4_T_le_v4SPD16_eabi.lib : strchr.obj (.text)
                  00006f10    00000014     driverlib.lib : uart.obj (.text:UARTEnable)
                  00006f24    00000014     rtsv7M4_T_le_v4SPD16_eabi.lib : _lock.obj (.text)
                  00006f38    00000014                                   : strcpy.obj (.text)
                  00006f4c    00000014                                   : strlen.obj (.text)
                  00006f60    00000012     driverlib.lib : gpio.obj (.text:GPIOPinTypeUART)
                  00006f72    0000000e                   : adc.obj (.text:ADCSequenceEnable)
                  00006f80    0000000e     Task_ReportTime.obj (.text)
                  00006f8e    0000000e     rtsv7M4_T_le_v4SPD16_eabi.lib : copy_decompress_none.obj (.text:decompress:none)
                  00006f9c    0000000c     TM4C_FreeRTOS_Base_Startup.obj (.text)
                  00006fa8    0000000c     rtsv7M4_T_le_v4SPD16_eabi.lib : copy_zero_init.obj (.text:decompress:ZI)
                  00006fb4    0000000a     driverlib.lib : adc.obj (.text:ADCIntClear)
                  00006fbe    0000000a                   : uart.obj (.text:UARTCharGet)
                  00006fc8    0000000a                   : uart.obj (.text:UARTCharPut)
                  00006fd2    00000006                   : gpio.obj (.text:GPIOPinRead)
                  00006fd8    00000006                   : gpio.obj (.text:GPIOPinWrite)
                  00006fde    00000006                   : uart.obj (.text:UARTClockSourceSet)
                  00006fe4    00000006     rtsv7M4_T_le_v4SPD16_eabi.lib : copy_decompress_rle.obj (.text:decompress:rle24)
                  00006fea    00000004                                   : pre_init.obj (.text)

.const     0    00006ff0    0000038c     
                  00006ff0    00000120     driverlib.lib : sysctl.obj (.const:g_pppui32XTALtoVCO)
                  00007110    00000101     rtsv7M4_T_le_v4SPD16_eabi.lib : ctype.obj (.const:.string:_ctypes_)
                  00007211    00000001     --HOLE-- [fill = 0]
                  00007212    00000002     heap_2.obj (.const)
                  00007214    00000090     driverlib.lib : gpio.obj (.const:g_pui32GPIOBaseAddrs)
                  000072a4    0000006c                   : sysctl.obj (.const:g_pui32Xtals)
                  00007310    00000030                   : sysctl.obj (.const:g_sXTALtoMEMTIM)
                  00007340    0000001c     uartstdio.obj (.const)
                  0000735c    00000012     uartstdio.obj (.const:.string)
                  0000736e    00000002     --HOLE-- [fill = 0]
                  00007370    00000008     driverlib.lib : sysctl.obj (.const)
                  00007378    00000004     port.obj (.const)

.cinit     0    00007380    000000d8     
                  00007380    000000b4     (.cinit..data.load) [load image, compression = rle]
                  00007434    0000000c     (__TI_handler_table)
                  00007440    00000008     (.cinit..bss.load) [load image, compression = zero_init]
                  00007448    00000010     (__TI_cinit_table)

.init_array 
*          0    00000000    00000000     UNINITIALIZED

.bss       0    20000000    0000c780     UNINITIALIZED
                  20000000    0000c350     heap_2.obj (.bss:xHeap)
                  2000c350    00000120     rtsv7M4_T_le_v4SPD16_eabi.lib : trgmsg.obj (.bss:__CIOBUF_)
                  2000c470    00000100     TM4C_FreeRTOS_Base_Startup.obj (.bss:pulStack)
                  2000c570    000000a0     rtsv7M4_T_le_v4SPD16_eabi.lib : defs.obj (.bss:__TI_tmpnams)
                  2000c610    00000064     tasks.obj (.bss:pxReadyTasksLists)
                  2000c674    00000040     queue.obj (.bss:xQueueRegistry)
                  2000c6b4    00000014     (.common:xActiveTimerList1)
                  2000c6c8    00000014     (.common:xActiveTimerList2)
                  2000c6dc    00000014     (.common:xDelayedTaskList1)
                  2000c6f0    00000014     (.common:xDelayedTaskList2)
                  2000c704    00000014     (.common:xPendingReadyList)
                  2000c718    00000014     (.common:xSuspendedTaskList)
                  2000c72c    00000014     (.common:xTasksWaitingTermination)
                  2000c740    00000010     (.common:ADC_report)
                  2000c750    00000008     (.common:parmbuf)
                  2000c758    00000008     (.common:xEnd)
                  2000c760    00000008     (.common:xStart)
                  2000c768    00000004     (.common:ReportData_Queue)
                  2000c76c    00000004     (.common:pxCurrentTimerList)
                  2000c770    00000004     (.common:pxDelayedTaskList)
                  2000c774    00000004     (.common:pxOverflowDelayedTaskList)
                  2000c778    00000004     (.common:pxOverflowTimerList)
                  2000c77c    00000004     (.common:temp_qc)

.TI.noinit 
*          0    20000000    00000000     UNINITIALIZED

.stack     0    2000c780    00000800     UNINITIALIZED
                  2000c780    00000800     --HOLE--

.sysmem    0    2000cf80    00000800     UNINITIALIZED
                  2000cf80    00000008     rtsv7M4_T_le_v4SPD16_eabi.lib : memory.obj (.sysmem)
                  2000cf88    000007f8     --HOLE--

.data      0    2000d780    00000390     UNINITIALIZED
                  2000d780    000000f0     rtsv7M4_T_le_v4SPD16_eabi.lib : defs.obj (.data:_ftable)
                  2000d870    000000d0                                   : lowlev.obj (.data)
                  2000d940    000000b0                                   : signal.obj (.data:sigtable)
                  2000d9f0    00000080                                   : xvalues.obj (.data)
                  2000da70    00000030     tasks.obj (.data)
                  2000daa0    00000010     Processor_Initialization_TM4C1294.obj (.data)
                  2000dab0    00000010     rtsv7M4_T_le_v4SPD16_eabi.lib : defs.obj (.data)
                  2000dac0    0000000c                                   : memory.obj (.data)
                  2000dacc    00000008     heap_2.obj (.data)
                  2000dad4    00000008     port.obj (.data)
                  2000dadc    00000008     rtsv7M4_T_le_v4SPD16_eabi.lib : _lock.obj (.data)
                  2000dae4    00000008                                   : exit.obj (.data)
                  2000daec    00000008                                   : feraiseexcept.obj (.data)
                  2000daf4    00000008     timers.obj (.data)
                  2000dafc    00000005     uartstdio.obj (.data)
                  2000db01    00000003     --HOLE--
                  2000db04    00000004     rtsv7M4_T_le_v4SPD16_eabi.lib : errno.obj (.data)
                  2000db08    00000004                                   : fopen.obj (.data)
                  2000db0c    00000004                                   : stkdepth_vars.obj (.data)

.TI.persistent 
*          0    2000d780    00000000     UNINITIALIZED


LINKER GENERATED COPY TABLES

__TI_cinit_table @ 00007448 records: 2, size/record: 8, table size: 16
	.data: load addr=00007380, load size=000000b4 bytes, run addr=2000d780, run size=00000390 bytes, compression=rle
	.bss: load addr=00007440, load size=00000008 bytes, run addr=20000000, run size=0000c780 bytes, compression=zero_init


LINKER GENERATED HANDLER TABLE

__TI_handler_table @ 00007434 records: 3, size/record: 4, table size: 12
	index: 0, handler: __TI_decompress_rle24
	index: 1, handler: __TI_decompress_none
	index: 2, handler: __TI_zero_init


GLOBAL SYMBOLS: SORTED ALPHABETICALLY BY Name 

address   name                             
-------   ----                             
00006fb5  ADCIntClear                      
00006d0d  ADCIntStatus                     
00006ee5  ADCProcessorTrigger              
00006b69  ADCSequenceConfigure             
00006e2b  ADCSequenceDataGet               
00006f73  ADCSequenceEnable                
000063a1  ADCSequenceStepConfigure         
2000c740  ADC_report                       
00006a61  C$$EXIT                          
00006613  C$$IO$$                          
2000daac  FPUInitFlag                      
00006d97  GPIODirModeSet                   
00005645  GPIOPadConfigSet                 
00006941  GPIOPinConfigure                 
00006fd3  GPIOPinRead                      
00006e9d  GPIOPinTypeGPIOOutput            
00006f61  GPIOPinTypeUART                  
00006fd9  GPIOPinWrite                     
000047dd  HOSTclock                        
000047a5  HOSTclose                        
00004767  HOSTgetenv                       
0000470b  HOSTlseek                        
000046b9  HOSTopen                         
0000466d  HOSTread                         
0000460f  HOSTrename                       
000045d5  HOSTtime                         
0000459d  HOSTunlink                       
00004551  HOSTwrite                        
2000daa4  ProcessorInitFlag                
00005edd  Processor_Initialization         
2000c768  ReportData_Queue                 
00006f9d  ResetISR                         
UNDEFED   SHT$$INIT_ARRAY$$Base            
UNDEFED   SHT$$INIT_ARRAY$$Limit           
00004825  SysCtlClockFreqSet               
00006be1  SysCtlPeripheralEnable           
00006c15  SysCtlPeripheralPresent          
00006811  Task_Blink_LED_D1                
0000631d  Task_HeaterOn                    
00006989  Task_ReportData                  
00006f81  Task_ReportTime                  
00005149  Task_Simple_ADC0_Ch0             
00006fbf  UARTCharGet                      
00006fc9  UARTCharPut                      
00006fdf  UARTClockSourceSet               
00006ae7  UARTConfigSetExpClk              
00006e49  UARTDisable                      
00006f11  UARTEnable                       
000039cd  UARTStdioConfig                  
2000daa8  UARTStdioInitFlag                
00005f01  UART_Initialization              
00003b13  UARTgetc                         
00003a59  UARTgets                         
00003e33  UARTprintf                       
00003b39  UARTvprintf                      
00003a13  UARTwrite                        
00006cad  _Dclass                          
2000d9f0  _Denorm                          
00005e1d  _Dnorm                           
000058a1  _Dscale                          
0000664d  _Dunscale                        
2000da00  _Eps                             
2000db04  _Errno                           
2000daec  _Fenv                            
00006cdd  _Feraise                         
2000da10  _Hugeval                         
2000da20  _Inf                             
2000da30  _Nan                             
2000da50  _Rteps                           
2000da40  _Snan                            
2000daf0  _Tls_setup__Fenv                 
2000da60  _Xbig                            
2000da68  _Zero                            
2000c350  __CIOBUF_                        
2000cf80  __STACK_END                      
00000800  __STACK_SIZE                     
2000c980  __STACK_TOP                      
00000800  __SYSMEM_SIZE                    
00007448  __TI_CINIT_Base                  
00007458  __TI_CINIT_Limit                 
00007434  __TI_Handler_Table_Base          
00007440  __TI_Handler_Table_Limit         
0000650d  __TI_auto_init                   
00004cdd  __TI_cleanup                     
2000dae4  __TI_cleanup_ptr                 
000060e1  __TI_closefile                   
00006f8f  __TI_decompress_none             
00006fe5  __TI_decompress_rle24            
00005d55  __TI_doflush                     
2000dae8  __TI_dtors_ptr                   
2000dab0  __TI_ft_end                      
00002785  __TI_printfi                     
00005ffb  __TI_rd_ok                       
00006617  __TI_readmsg                     
00000000  __TI_static_base__               
2000c570  __TI_tmpnams                     
000065e5  __TI_writemsg                    
00005f99  __TI_wrt_ok                      
00006fa9  __TI_zero_init                   
00006211  __aeabi_cdcmpeq                  
00006211  __aeabi_cdcmple                  
00006297  __aeabi_cdrcmple                 
000068f5  __aeabi_d2f                      
00006a19  __aeabi_d2iz                     
00004f9b  __aeabi_dadd                     
000052a5  __aeabi_ddiv                     
000059b1  __aeabi_dmul                     
00004f91  __aeabi_dsub                     
00006ba7  __aeabi_f2d                      
00006d3b  __aeabi_i2d                      
00006421  __aeabi_memclr                   
00006421  __aeabi_memclr4                  
00006421  __aeabi_memclr8                  
00006045  __aeabi_memcpy                   
00006045  __aeabi_memcpy4                  
00006045  __aeabi_memcpy8                  
00006423  __aeabi_memset                   
00006423  __aeabi_memset4                  
00006423  __aeabi_memset8                  
2000dabc  __aeabi_stderr                   
2000dab4  __aeabi_stdin                    
2000dab8  __aeabi_stdout                   
00006e0b  __aeabi_ui2d                     
00006aa5  __aeabi_uidiv                    
00006aa5  __aeabi_uidivmod                 
00004a21  __aeabi_uldivmod                 
ffffffff  __binit__                        
ffffffff  __c_args__                       
2000c780  __stack                          
00006eb5  _args_main                       
000067c1  _c_int00                         
00007110  _ctypes_                         
2000d780  _ftable                          
2000dadc  _lock                            
00006f33  _nop                             
00006f2b  _register_lock                   
00006f25  _register_unlock                 
2000cf80  _sys_memory                      
00006feb  _system_pre_init                 
2000dae0  _unlock                          
00006a65  abort                            
000044a5  add_device                       
0000685d  atoi                             
ffffffff  binit                            
00004211  calloc                           
00004455  close                            
000068a9  copy_in                          
00006a6d  exit                             
00006147  fclose                           
00006c49  feraiseexcept                    
00005da1  fflush                           
00004d33  fopen                            
00006179  fputc                            
00005511  fputs                            
00003f5f  free                             
00004d09  freopen                          
00006dc1  frexp                            
000066b5  fseek                            
00000000  g_pfnVectors                     
2000daa0  g_ulSystemClock                  
0000676f  ldexp                            
00004431  lseek                            
00006719  ltoa                             
00005aad  main                             
2000db0c  main_func_sp                     
00003ef7  malloc                           
0000412d  memalign                         
00006e81  memccpy                          
00006deb  memchr                           
00006045  memcpy                           
00006429  memset                           
00003e69  minit                            
00004383  open                             
00003591  pcTimerGetTimerName              
000064a5  printf                           
00006179  putc                             
000061fd  putchar                          
0000561d  puts                             
00004dd9  pvPortMalloc                     
0000150f  pvTaskIncrementMutexHeldCount    
0000397d  pvTimerGetTimerID                
2000da70  pxCurrentTCB                     
000053dd  pxPortInitialiseStack            
00006d69  raise                            
0000435f  read                             
00004021  realloc                          
000042d5  remove                           
00004337  remove_device                    
000042f9  rename                           
00005ba5  setvbuf                          
00006b29  signal                           
00006efb  strchr                           
00006ecd  strcmp                           
00006f39  strcpy                           
00006f4d  strlen                           
00006c7d  strncpy                          
2000c77c  temp_qc                          
000031ad  ucQueueGetQueueType              
00007378  ulMaxSyscallInterruptPriority    
00005c91  ulPortGetIPSR                    
00001527  ulTaskNotifyTake                 
000042d5  unlink                           
00005857  uxListRemove                     
0000318d  uxQueueGetQueueNumber            
0000312f  uxQueueMessagesWaiting           
00003165  uxQueueMessagesWaitingFromISR    
00003145  uxQueueSpacesAvailable           
000009f5  uxTaskGetNumberOfTasks           
00000a05  uxTaskGetSystemState             
00000f37  uxTaskGetTaskNumber              
000004bb  uxTaskPriorityGet                
000004ed  uxTaskPriorityGetFromISR         
000014ed  uxTaskResetEventItemValue        
00005775  vListInitialise                  
000057a5  vListInitialiseItem              
000057f1  vListInsert                      
000057b5  vListInsertEnd                   
00005d45  vPortEnableVFP                   
00005479  vPortEndScheduler                
0000547b  vPortEnterCritical               
0000549b  vPortExitCritical                
00004f05  vPortFree                        
00004f6d  vPortInitialiseBlocks            
00005d09  vPortSVCHandler                  
000054df  vPortSetupTimerInterrupt         
00005d29  vPortStartFirstTask              
000033bb  vQueueAddToRegistry              
00003177  vQueueDelete                     
0000319b  vQueueSetQueueNumber             
000033fd  vQueueUnregisterQueue            
00003437  vQueueWaitForMessageRestricted   
0000045f  vTaskDelay                       
000003b7  vTaskDelayUntil                  
0000031b  vTaskDelete                      
000008c1  vTaskEndScheduler                
00000f2f  vTaskMissedYield                 
000018d9  vTaskNotifyGiveFromISR           
00000c65  vTaskPlaceOnEventList            
00000d3d  vTaskPlaceOnEventListRestricted  
00000cc5  vTaskPlaceOnUnorderedEventList   
00001395  vTaskPriorityInherit             
00000541  vTaskPrioritySet                 
00000749  vTaskResume                      
00000f5d  vTaskSetTaskNumber               
00000e8f  vTaskSetTimeOutState             
0000085d  vTaskStartScheduler              
00000655  vTaskSuspend                     
000008e1  vTaskSuspendAll                  
00000bf9  vTaskSwitchContext               
00003997  vTimerSetTimerID                 
00004245  write                            
00004f67  xPortGetFreeHeapSize             
00005ca9  xPortPendSVHandler               
00005443  xPortStartScheduler              
2000dad8  xPortSysTickCount                
000054b1  xPortSysTickHandler              
00002c95  xQueueCreateCountingSemaphore    
00002b99  xQueueCreateMutex                
00002b29  xQueueGenericCreate              
00002ee9  xQueueGenericReceive             
00002a8d  xQueueGenericReset               
00002cb5  xQueueGenericSend                
00002ddd  xQueueGenericSendFromISR         
00002e69  xQueueGiveFromISR                
00002c0f  xQueueGiveMutexRecursive         
00003357  xQueueIsQueueEmptyFromISR        
00003399  xQueueIsQueueFullFromISR         
000030dd  xQueuePeekFromISR                
00003057  xQueueReceiveFromISR             
2000c674  xQueueRegistry                   
00002c4b  xQueueTakeMutexRecursive         
00000eb5  xTaskCheckForTimeOut             
00000201  xTaskGenericCreate               
000016df  xTaskGenericNotify               
000017d1  xTaskGenericNotifyFromISR        
00001349  xTaskGetCurrentTaskHandle        
00001361  xTaskGetSchedulerState           
000009d1  xTaskGetTickCount                
000009e1  xTaskGetTickCountFromISR         
00000ad5  xTaskIncrementTick               
0000197f  xTaskNotifyStateClear            
000015f5  xTaskNotifyWait                  
0000144f  xTaskPriorityDisinherit          
00000da1  xTaskRemoveFromEventList         
00000e21  xTaskRemoveFromUnorderedEventList
000008f5  xTaskResumeAll                   
000007cb  xTaskResumeFromISR               
000034cf  xTimerCreate                     
00003495  xTimerCreateTimerTask            
00003523  xTimerGenericCommand             
00003951  xTimerIsTimerActive              


GLOBAL SYMBOLS: SORTED BY Symbol Address 

address   name                             
-------   ----                             
00000000  __TI_static_base__               
00000000  g_pfnVectors                     
00000201  xTaskGenericCreate               
0000031b  vTaskDelete                      
000003b7  vTaskDelayUntil                  
0000045f  vTaskDelay                       
000004bb  uxTaskPriorityGet                
000004ed  uxTaskPriorityGetFromISR         
00000541  vTaskPrioritySet                 
00000655  vTaskSuspend                     
00000749  vTaskResume                      
000007cb  xTaskResumeFromISR               
00000800  __STACK_SIZE                     
00000800  __SYSMEM_SIZE                    
0000085d  vTaskStartScheduler              
000008c1  vTaskEndScheduler                
000008e1  vTaskSuspendAll                  
000008f5  xTaskResumeAll                   
000009d1  xTaskGetTickCount                
000009e1  xTaskGetTickCountFromISR         
000009f5  uxTaskGetNumberOfTasks           
00000a05  uxTaskGetSystemState             
00000ad5  xTaskIncrementTick               
00000bf9  vTaskSwitchContext               
00000c65  vTaskPlaceOnEventList            
00000cc5  vTaskPlaceOnUnorderedEventList   
00000d3d  vTaskPlaceOnEventListRestricted  
00000da1  xTaskRemoveFromEventList         
00000e21  xTaskRemoveFromUnorderedEventList
00000e8f  vTaskSetTimeOutState             
00000eb5  xTaskCheckForTimeOut             
00000f2f  vTaskMissedYield                 
00000f37  uxTaskGetTaskNumber              
00000f5d  vTaskSetTaskNumber               
00001349  xTaskGetCurrentTaskHandle        
00001361  xTaskGetSchedulerState           
00001395  vTaskPriorityInherit             
0000144f  xTaskPriorityDisinherit          
000014ed  uxTaskResetEventItemValue        
0000150f  pvTaskIncrementMutexHeldCount    
00001527  ulTaskNotifyTake                 
000015f5  xTaskNotifyWait                  
000016df  xTaskGenericNotify               
000017d1  xTaskGenericNotifyFromISR        
000018d9  vTaskNotifyGiveFromISR           
0000197f  xTaskNotifyStateClear            
00002785  __TI_printfi                     
00002a8d  xQueueGenericReset               
00002b29  xQueueGenericCreate              
00002b99  xQueueCreateMutex                
00002c0f  xQueueGiveMutexRecursive         
00002c4b  xQueueTakeMutexRecursive         
00002c95  xQueueCreateCountingSemaphore    
00002cb5  xQueueGenericSend                
00002ddd  xQueueGenericSendFromISR         
00002e69  xQueueGiveFromISR                
00002ee9  xQueueGenericReceive             
00003057  xQueueReceiveFromISR             
000030dd  xQueuePeekFromISR                
0000312f  uxQueueMessagesWaiting           
00003145  uxQueueSpacesAvailable           
00003165  uxQueueMessagesWaitingFromISR    
00003177  vQueueDelete                     
0000318d  uxQueueGetQueueNumber            
0000319b  vQueueSetQueueNumber             
000031ad  ucQueueGetQueueType              
00003357  xQueueIsQueueEmptyFromISR        
00003399  xQueueIsQueueFullFromISR         
000033bb  vQueueAddToRegistry              
000033fd  vQueueUnregisterQueue            
00003437  vQueueWaitForMessageRestricted   
00003495  xTimerCreateTimerTask            
000034cf  xTimerCreate                     
00003523  xTimerGenericCommand             
00003591  pcTimerGetTimerName              
00003951  xTimerIsTimerActive              
0000397d  pvTimerGetTimerID                
00003997  vTimerSetTimerID                 
000039cd  UARTStdioConfig                  
00003a13  UARTwrite                        
00003a59  UARTgets                         
00003b13  UARTgetc                         
00003b39  UARTvprintf                      
00003e33  UARTprintf                       
00003e69  minit                            
00003ef7  malloc                           
00003f5f  free                             
00004021  realloc                          
0000412d  memalign                         
00004211  calloc                           
00004245  write                            
000042d5  remove                           
000042d5  unlink                           
000042f9  rename                           
00004337  remove_device                    
0000435f  read                             
00004383  open                             
00004431  lseek                            
00004455  close                            
000044a5  add_device                       
00004551  HOSTwrite                        
0000459d  HOSTunlink                       
000045d5  HOSTtime                         
0000460f  HOSTrename                       
0000466d  HOSTread                         
000046b9  HOSTopen                         
0000470b  HOSTlseek                        
00004767  HOSTgetenv                       
000047a5  HOSTclose                        
000047dd  HOSTclock                        
00004825  SysCtlClockFreqSet               
00004a21  __aeabi_uldivmod                 
00004cdd  __TI_cleanup                     
00004d09  freopen                          
00004d33  fopen                            
00004dd9  pvPortMalloc                     
00004f05  vPortFree                        
00004f67  xPortGetFreeHeapSize             
00004f6d  vPortInitialiseBlocks            
00004f91  __aeabi_dsub                     
00004f9b  __aeabi_dadd                     
00005149  Task_Simple_ADC0_Ch0             
000052a5  __aeabi_ddiv                     
000053dd  pxPortInitialiseStack            
00005443  xPortStartScheduler              
00005479  vPortEndScheduler                
0000547b  vPortEnterCritical               
0000549b  vPortExitCritical                
000054b1  xPortSysTickHandler              
000054df  vPortSetupTimerInterrupt         
00005511  fputs                            
0000561d  puts                             
00005645  GPIOPadConfigSet                 
00005775  vListInitialise                  
000057a5  vListInitialiseItem              
000057b5  vListInsertEnd                   
000057f1  vListInsert                      
00005857  uxListRemove                     
000058a1  _Dscale                          
000059b1  __aeabi_dmul                     
00005aad  main                             
00005ba5  setvbuf                          
00005c91  ulPortGetIPSR                    
00005ca9  xPortPendSVHandler               
00005d09  vPortSVCHandler                  
00005d29  vPortStartFirstTask              
00005d45  vPortEnableVFP                   
00005d55  __TI_doflush                     
00005da1  fflush                           
00005e1d  _Dnorm                           
00005edd  Processor_Initialization         
00005f01  UART_Initialization              
00005f99  __TI_wrt_ok                      
00005ffb  __TI_rd_ok                       
00006045  __aeabi_memcpy                   
00006045  __aeabi_memcpy4                  
00006045  __aeabi_memcpy8                  
00006045  memcpy                           
000060e1  __TI_closefile                   
00006147  fclose                           
00006179  fputc                            
00006179  putc                             
000061fd  putchar                          
00006211  __aeabi_cdcmpeq                  
00006211  __aeabi_cdcmple                  
00006297  __aeabi_cdrcmple                 
0000631d  Task_HeaterOn                    
000063a1  ADCSequenceStepConfigure         
00006421  __aeabi_memclr                   
00006421  __aeabi_memclr4                  
00006421  __aeabi_memclr8                  
00006423  __aeabi_memset                   
00006423  __aeabi_memset4                  
00006423  __aeabi_memset8                  
00006429  memset                           
000064a5  printf                           
0000650d  __TI_auto_init                   
000065e5  __TI_writemsg                    
00006613  C$$IO$$                          
00006617  __TI_readmsg                     
0000664d  _Dunscale                        
000066b5  fseek                            
00006719  ltoa                             
0000676f  ldexp                            
000067c1  _c_int00                         
00006811  Task_Blink_LED_D1                
0000685d  atoi                             
000068a9  copy_in                          
000068f5  __aeabi_d2f                      
00006941  GPIOPinConfigure                 
00006989  Task_ReportData                  
00006a19  __aeabi_d2iz                     
00006a61  C$$EXIT                          
00006a65  abort                            
00006a6d  exit                             
00006aa5  __aeabi_uidiv                    
00006aa5  __aeabi_uidivmod                 
00006ae7  UARTConfigSetExpClk              
00006b29  signal                           
00006b69  ADCSequenceConfigure             
00006ba7  __aeabi_f2d                      
00006be1  SysCtlPeripheralEnable           
00006c15  SysCtlPeripheralPresent          
00006c49  feraiseexcept                    
00006c7d  strncpy                          
00006cad  _Dclass                          
00006cdd  _Feraise                         
00006d0d  ADCIntStatus                     
00006d3b  __aeabi_i2d                      
00006d69  raise                            
00006d97  GPIODirModeSet                   
00006dc1  frexp                            
00006deb  memchr                           
00006e0b  __aeabi_ui2d                     
00006e2b  ADCSequenceDataGet               
00006e49  UARTDisable                      
00006e81  memccpy                          
00006e9d  GPIOPinTypeGPIOOutput            
00006eb5  _args_main                       
00006ecd  strcmp                           
00006ee5  ADCProcessorTrigger              
00006efb  strchr                           
00006f11  UARTEnable                       
00006f25  _register_unlock                 
00006f2b  _register_lock                   
00006f33  _nop                             
00006f39  strcpy                           
00006f4d  strlen                           
00006f61  GPIOPinTypeUART                  
00006f73  ADCSequenceEnable                
00006f81  Task_ReportTime                  
00006f8f  __TI_decompress_none             
00006f9d  ResetISR                         
00006fa9  __TI_zero_init                   
00006fb5  ADCIntClear                      
00006fbf  UARTCharGet                      
00006fc9  UARTCharPut                      
00006fd3  GPIOPinRead                      
00006fd9  GPIOPinWrite                     
00006fdf  UARTClockSourceSet               
00006fe5  __TI_decompress_rle24            
00006feb  _system_pre_init                 
00007110  _ctypes_                         
00007378  ulMaxSyscallInterruptPriority    
00007434  __TI_Handler_Table_Base          
00007440  __TI_Handler_Table_Limit         
00007448  __TI_CINIT_Base                  
00007458  __TI_CINIT_Limit                 
2000c350  __CIOBUF_                        
2000c570  __TI_tmpnams                     
2000c674  xQueueRegistry                   
2000c740  ADC_report                       
2000c768  ReportData_Queue                 
2000c77c  temp_qc                          
2000c780  __stack                          
2000c980  __STACK_TOP                      
2000cf80  __STACK_END                      
2000cf80  _sys_memory                      
2000d780  _ftable                          
2000d9f0  _Denorm                          
2000da00  _Eps                             
2000da10  _Hugeval                         
2000da20  _Inf                             
2000da30  _Nan                             
2000da40  _Snan                            
2000da50  _Rteps                           
2000da60  _Xbig                            
2000da68  _Zero                            
2000da70  pxCurrentTCB                     
2000daa0  g_ulSystemClock                  
2000daa4  ProcessorInitFlag                
2000daa8  UARTStdioInitFlag                
2000daac  FPUInitFlag                      
2000dab0  __TI_ft_end                      
2000dab4  __aeabi_stdin                    
2000dab8  __aeabi_stdout                   
2000dabc  __aeabi_stderr                   
2000dad8  xPortSysTickCount                
2000dadc  _lock                            
2000dae0  _unlock                          
2000dae4  __TI_cleanup_ptr                 
2000dae8  __TI_dtors_ptr                   
2000daec  _Fenv                            
2000daf0  _Tls_setup__Fenv                 
2000db04  _Errno                           
2000db0c  main_func_sp                     
ffffffff  __binit__                        
ffffffff  __c_args__                       
ffffffff  binit                            
UNDEFED   SHT$$INIT_ARRAY$$Base            
UNDEFED   SHT$$INIT_ARRAY$$Limit           

[291 symbols]
